Archive member included to satisfy reference by file (symbol)

/usr/lib/gcc/arm-none-eabi/7.3.1/../../../arm-none-eabi/lib/thumb/v6-m/libc_nano.a(lib_a-atexit.o)
                              /usr/lib/gcc/arm-none-eabi/7.3.1/../../../arm-none-eabi/lib/thumb/v6-m/crt0.o (atexit)
/usr/lib/gcc/arm-none-eabi/7.3.1/../../../arm-none-eabi/lib/thumb/v6-m/libc_nano.a(lib_a-exit.o)
                              /usr/lib/gcc/arm-none-eabi/7.3.1/../../../arm-none-eabi/lib/thumb/v6-m/crt0.o (exit)
/usr/lib/gcc/arm-none-eabi/7.3.1/../../../arm-none-eabi/lib/thumb/v6-m/libc_nano.a(lib_a-fini.o)
                              /usr/lib/gcc/arm-none-eabi/7.3.1/../../../arm-none-eabi/lib/thumb/v6-m/crt0.o (__libc_fini_array)
/usr/lib/gcc/arm-none-eabi/7.3.1/../../../arm-none-eabi/lib/thumb/v6-m/libc_nano.a(lib_a-impure.o)
                              /usr/lib/gcc/arm-none-eabi/7.3.1/../../../arm-none-eabi/lib/thumb/v6-m/libc_nano.a(lib_a-exit.o) (_global_impure_ptr)
/usr/lib/gcc/arm-none-eabi/7.3.1/../../../arm-none-eabi/lib/thumb/v6-m/libc_nano.a(lib_a-init.o)
                              /usr/lib/gcc/arm-none-eabi/7.3.1/../../../arm-none-eabi/lib/thumb/v6-m/crt0.o (__libc_init_array)
/usr/lib/gcc/arm-none-eabi/7.3.1/../../../arm-none-eabi/lib/thumb/v6-m/libc_nano.a(lib_a-memset.o)
                              /usr/lib/gcc/arm-none-eabi/7.3.1/../../../arm-none-eabi/lib/thumb/v6-m/crt0.o (memset)
/usr/lib/gcc/arm-none-eabi/7.3.1/../../../arm-none-eabi/lib/thumb/v6-m/libc_nano.a(lib_a-__atexit.o)
                              /usr/lib/gcc/arm-none-eabi/7.3.1/../../../arm-none-eabi/lib/thumb/v6-m/libc_nano.a(lib_a-atexit.o) (__register_exitproc)
/usr/lib/gcc/arm-none-eabi/7.3.1/../../../arm-none-eabi/lib/thumb/v6-m/libc_nano.a(lib_a-__call_atexit.o)
                              /usr/lib/gcc/arm-none-eabi/7.3.1/../../../arm-none-eabi/lib/thumb/v6-m/libc_nano.a(lib_a-__atexit.o) (__call_exitprocs)
/usr/lib/gcc/arm-none-eabi/7.3.1/../../../arm-none-eabi/lib/thumb/v6-m/libnosys.a(_exit.o)
                              /usr/lib/gcc/arm-none-eabi/7.3.1/../../../arm-none-eabi/lib/thumb/v6-m/libc_nano.a(lib_a-exit.o) (_exit)
/home/scott/Builds/nRF5SDK11/components/properitary_rf/gzll/gcc/gzll_gcc.a(nrf_gzll.o)
                              _build/main.o (nrf_gzll_enable)
/home/scott/Builds/nRF5SDK11/components/properitary_rf/gzll/gcc/gzll_gcc.a(nrf_impala.o)
                              /home/scott/Builds/nRF5SDK11/components/properitary_rf/gzll/gcc/gzll_gcc.a(nrf_gzll.o) (nrf_impl_disable)
/home/scott/Builds/nRF5SDK11/components/properitary_rf/gzll/gcc/gzll_gcc.a(nrf_link_core.o)
                              /home/scott/Builds/nRF5SDK11/components/properitary_rf/gzll/gcc/gzll_gcc.a(nrf_impala.o) (nrf_lcore_start_operation)
/home/scott/Builds/nRF5SDK11/components/properitary_rf/gzll/gcc/gzll_gcc.a(nrf_notification_manager.o)
                              /home/scott/Builds/nRF5SDK11/components/properitary_rf/gzll/gcc/gzll_gcc.a(nrf_impala.o) (nrf_nm_init)
/home/scott/Builds/nRF5SDK11/components/properitary_rf/gzll/gcc/gzll_gcc.a(nrf_packet_manager.o)
                              /home/scott/Builds/nRF5SDK11/components/properitary_rf/gzll/gcc/gzll_gcc.a(nrf_impala.o) (nrf_pm_init)
/home/scott/Builds/nRF5SDK11/components/properitary_rf/gzll/gcc/gzll_gcc.a(nrf_state_machine.o)
                              /home/scott/Builds/nRF5SDK11/components/properitary_rf/gzll/gcc/gzll_gcc.a(nrf_impala.o) (nrf_sm_init)
/home/scott/Builds/nRF5SDK11/components/properitary_rf/gzll/gcc/gzll_gcc.a(nrf_assert_internal.o)
                              /home/scott/Builds/nRF5SDK11/components/properitary_rf/gzll/gcc/gzll_gcc.a(nrf_gzll.o) (NRF_ASSERT_INTERNAL_parse_and_forward)
/home/scott/Builds/nRF5SDK11/components/properitary_rf/gzll/gcc/gzll_gcc.a(nrf_channel_manager.o)
                              /home/scott/Builds/nRF5SDK11/components/properitary_rf/gzll/gcc/gzll_gcc.a(nrf_impala.o) (nrf_chm_init)
/home/scott/Builds/nRF5SDK11/components/properitary_rf/gzll/gcc/gzll_gcc.a(nrf_fifo.o)
                              /home/scott/Builds/nRF5SDK11/components/properitary_rf/gzll/gcc/gzll_gcc.a(nrf_packet_manager.o) (nrf_fifo_init)
/home/scott/Builds/nRF5SDK11/components/properitary_rf/gzll/gcc/gzll_gcc.a(nrf_flywheel.o)
                              /home/scott/Builds/nRF5SDK11/components/properitary_rf/gzll/gcc/gzll_gcc.a(nrf_impala.o) (nrf_flw_init)
/usr/lib/gcc/arm-none-eabi/7.3.1/thumb/v6-m/libgcc.a(_thumb1_case_uqi.o)
                              /home/scott/Builds/nRF5SDK11/components/properitary_rf/gzll/gcc/gzll_gcc.a(nrf_gzll.o) (__gnu_thumb1_case_uqi)
/usr/lib/gcc/arm-none-eabi/7.3.1/thumb/v6-m/libgcc.a(_udivsi3.o)
                              /home/scott/Builds/nRF5SDK11/components/properitary_rf/gzll/gcc/gzll_gcc.a(nrf_channel_manager.o) (__aeabi_uidiv)
/usr/lib/gcc/arm-none-eabi/7.3.1/thumb/v6-m/libgcc.a(_dvmd_tls.o)
                              /usr/lib/gcc/arm-none-eabi/7.3.1/thumb/v6-m/libgcc.a(_udivsi3.o) (__aeabi_idiv0)
[...]
Memory Configuration

Name             Origin             Length             Attributes
FLASH            0x0000000000000000 0x0000000000040000 xr
RAM              0x0000000020000000 0x0000000000004000 xrw
*default*        0x0000000000000000 0xffffffffffffffff

Linker script and memory map


.text           0x0000000000000000     0x4244
 *(.isr_vector)
 .isr_vector    0x0000000000000000       0xc0 _build/gcc_startup_nrf51.o
                0x0000000000000000                __isr_vector
 *(.text*)
 .text          0x00000000000000c0       0x98 /usr/lib/gcc/arm-none-eabi/7.3.1/thumb/v6-m/crtbegin.o
 .text          0x0000000000000158       0x6c /usr/lib/gcc/arm-none-eabi/7.3.1/../../../arm-none-eabi/lib/thumb/v6-m/crt0.o
                0x0000000000000158                _mainCRTStartup
                0x0000000000000158                _start
 .text          0x00000000000001c4       0x10 /usr/lib/gcc/arm-none-eabi/7.3.1/../../../arm-none-eabi/lib/thumb/v6-m/libc_nano.a(lib_a-atexit.o)
                0x00000000000001c4                atexit
 .text          0x00000000000001d4       0x2c /usr/lib/gcc/arm-none-eabi/7.3.1/../../../arm-none-eabi/lib/thumb/v6-m/libc_nano.a(lib_a-exit.o)
                0x00000000000001d4                exit
 .text          0x0000000000000200       0x34 /usr/lib/gcc/arm-none-eabi/7.3.1/../../../arm-none-eabi/lib/thumb/v6-m/libc_nano.a(lib_a-fini.o)
                0x0000000000000200                __libc_fini_array
 .text          0x0000000000000234       0x48 /usr/lib/gcc/arm-none-eabi/7.3.1/../../../arm-none-eabi/lib/thumb/v6-m/libc_nano.a(lib_a-init.o)
                0x0000000000000234                __libc_init_array
 .text          0x000000000000027c       0x9c /usr/lib/gcc/arm-none-eabi/7.3.1/../../../arm-none-eabi/lib/thumb/v6-m/libc_nano.a(lib_a-memset.o)
                0x000000000000027c                memset
 .text          0x0000000000000318       0xdc /usr/lib/gcc/arm-none-eabi/7.3.1/../../../arm-none-eabi/lib/thumb/v6-m/libc_nano.a(lib_a-__atexit.o)
                0x0000000000000318                __register_exitproc
 .text          0x00000000000003f4       0xd4 /usr/lib/gcc/arm-none-eabi/7.3.1/../../../arm-none-eabi/lib/thumb/v6-m/libc_nano.a(lib_a-__call_atexit.o)
                0x00000000000003f4                __call_exitprocs
 .text          0x00000000000004c8        0x4 /usr/lib/gcc/arm-none-eabi/7.3.1/../../../arm-none-eabi/lib/thumb/v6-m/libnosys.a(_exit.o)
                0x00000000000004c8                _exit
 .text.SystemInit
                0x00000000000004cc       0xe4 _build/system_nrf51.o
                0x00000000000004cc                SystemInit
 .text.uart_error_handle
                0x00000000000005b0       0x18 _build/main.o
                0x00000000000005b0                uart_error_handle
 .text.startup.main
                0x00000000000005c8      0x454 _build/main.o
                0x00000000000005c8                main
 .text.nrf_gzll_device_tx_success
                0x0000000000000a1c        0x8 _build/main.o
                0x0000000000000a1c                nrf_gzll_device_tx_success
 .text.nrf_gzll_device_tx_failed
                0x0000000000000a24        0x8 _build/main.o
                0x0000000000000a24                nrf_gzll_device_tx_failed
 .text.nrf_gzll_disabled
                0x0000000000000a2c        0x4 _build/main.o
                0x0000000000000a2c                nrf_gzll_disabled
 .text.nrf_gzll_host_rx_data_ready
                0x0000000000000a30       0x74 _build/main.o
                0x0000000000000a30                nrf_gzll_host_rx_data_ready
 .text.app_error_handler_bare
                0x0000000000000aa4       0x20 _build/app_error.o
                0x0000000000000aa4                app_error_handler_bare
 .text.app_error_fault_handler
                0x0000000000000ac4       0x1c _build/app_error_weak.o
                0x0000000000000ac4                app_error_fault_handler
 .text.app_fifo_init
                0x0000000000000ae0       0x24 _build/app_fifo.o
                0x0000000000000ae0                app_fifo_init
 .text.app_fifo_put
                0x0000000000000b04       0x24 _build/app_fifo.o
                0x0000000000000b04                app_fifo_put
 .text.app_fifo_get
                0x0000000000000b28       0x24 _build/app_fifo.o
                0x0000000000000b28                app_fifo_get
 .text.uart_event_handler
                0x0000000000000b4c       0xc4 _build/app_uart_fifo.o
 .text.app_uart_init
                0x0000000000000c10       0xa4 _build/app_uart_fifo.o
                0x0000000000000c10                app_uart_init
 .text.app_uart_get
                0x0000000000000cb4       0x34 _build/app_uart_fifo.o
                0x0000000000000cb4                app_uart_get
 .text.app_uart_put
                0x0000000000000ce8       0x40 _build/app_uart_fifo.o
                0x0000000000000ce8                app_uart_put
 .text.nrf_drv_common_irq_enable
                0x0000000000000d28       0x68 _build/nrf_drv_common.o
                0x0000000000000d28                nrf_drv_common_irq_enable
 .text.nrf_drv_uart_init
                0x0000000000000d90      0x120 _build/nrf_drv_uart.o
                0x0000000000000d90                nrf_drv_uart_init
 .text.nrf_drv_uart_tx
                0x0000000000000eb0       0xb0 _build/nrf_drv_uart.o
                0x0000000000000eb0                nrf_drv_uart_tx
 .text.nrf_drv_uart_tx_in_progress
                0x0000000000000f60       0x10 _build/nrf_drv_uart.o
                0x0000000000000f60                nrf_drv_uart_tx_in_progress
 .text.nrf_drv_uart_rx
                0x0000000000000f70      0x118 _build/nrf_drv_uart.o
                0x0000000000000f70                nrf_drv_uart_rx
 .text.nrf_drv_uart_rx_enable
                0x0000000000001088       0x2c _build/nrf_drv_uart.o
                0x0000000000001088                nrf_drv_uart_rx_enable
 .text.UART0_IRQHandler
                0x00000000000010b4      0x1a4 _build/nrf_drv_uart.o
                0x00000000000010b4                UART0_IRQHandler
 .text          0x0000000000001258       0x4c _build/gcc_startup_nrf51.o
                0x0000000000001258                Reset_Handler
                0x0000000000001298                NMI_Handler
                0x000000000000129a                HardFault_Handler
                0x000000000000129c                SVC_Handler
                0x000000000000129e                PendSV_Handler
                0x00000000000012a0                SysTick_Handler
                0x00000000000012a2                SPI0_TWI0_IRQHandler
                0x00000000000012a2                RTC0_IRQHandler
                0x00000000000012a2                GPIOTE_IRQHandler
                0x00000000000012a2                POWER_CLOCK_IRQHandler
                0x00000000000012a2                LPCOMP_IRQHandler
                0x00000000000012a2                SWI4_IRQHandler
                0x00000000000012a2                TEMP_IRQHandler
                0x00000000000012a2                QDEC_IRQHandler
                0x00000000000012a2                SWI5_IRQHandler
                0x00000000000012a2                TIMER0_IRQHandler
                0x00000000000012a2                TIMER1_IRQHandler
                0x00000000000012a2                ECB_IRQHandler
                0x00000000000012a2                Default_Handler
                0x00000000000012a2                ADC_IRQHandler
                0x00000000000012a2                SWI3_IRQHandler
                0x00000000000012a2                CCM_AAR_IRQHandler
                0x00000000000012a2                WDT_IRQHandler
                0x00000000000012a2                SWI2_IRQHandler
                0x00000000000012a2                RNG_IRQHandler
                0x00000000000012a2                SPI1_TWI1_IRQHandler
                0x00000000000012a2                RTC1_IRQHandler
                0x00000000000012a2                SWI1_IRQHandler
 .text          0x00000000000012a4      0x864 /home/scott/Builds/nRF5SDK11/components/properitary_rf/gzll/gcc/gzll_gcc.a(nrf_gzll.o)
                0x00000000000012a4                nrf_gzll_enable
                0x00000000000012c8                nrf_gzll_is_enabled
                0x00000000000012d4                nrf_gzll_disable
                0x00000000000012ea                nrf_gzll_add_packet_to_tx_fifo
                0x0000000000001370                nrf_gzll_fetch_packet_from_rx_fifo
                0x00000000000013e0                nrf_gzll_get_tx_fifo_packet_count
                0x00000000000013fc                nrf_gzll_get_rx_fifo_packet_count
                0x0000000000001418                nrf_gzll_get_total_allocated_packet_count
                0x0000000000001424                nrf_gzll_ok_to_add_packet_to_tx_fifo
                0x0000000000001460                nrf_gzll_flush_tx_fifo
                0x0000000000001494                nrf_gzll_flush_rx_fifo
                0x00000000000014b4                nrf_gzll_set_mode
                0x00000000000014e4                nrf_gzll_get_mode
                0x0000000000001510                nrf_gzll_set_channel_table
                0x000000000000156c                nrf_gzll_get_channel_table
                0x00000000000015a8                nrf_gzll_get_channel_table_size
                0x00000000000015b4                nrf_gzll_set_base_address_0
                0x00000000000015dc                nrf_gzll_get_base_address_0
                0x00000000000015e4                nrf_gzll_set_base_address_1
                0x000000000000160c                nrf_gzll_get_base_address_1
                0x0000000000001614                nrf_gzll_set_address_prefix_byte
                0x0000000000001648                nrf_gzll_get_address_prefix_byte
                0x0000000000001670                nrf_gzll_set_rx_pipes_enabled
                0x0000000000001698                nrf_gzll_get_rx_pipes_enabled
                0x00000000000016a0                nrf_gzll_set_datarate
                0x00000000000016e4                nrf_gzll_get_datarate
                0x00000000000016fc                nrf_gzll_set_tx_power
                0x0000000000001754                nrf_gzll_get_tx_power
                0x0000000000001792                nrf_gzll_set_timeslot_period
                0x00000000000017b8                nrf_gzll_get_timeslot_period
                0x00000000000017c0                nrf_gzll_set_sync_lifetime
                0x00000000000017e8                nrf_gzll_get_sync_lifetime
                0x00000000000017f0                nrf_gzll_set_timeslots_per_channel_when_device_out_of_sync
                0x0000000000001818                nrf_gzll_get_timeslots_per_channel_when_device_out_of_sync
                0x0000000000001820                nrf_gzll_set_timeslots_per_channel
                0x0000000000001848                nrf_gzll_get_timeslots_per_channel
                0x0000000000001850                nrf_gzll_set_max_tx_attempts
                0x0000000000001878                nrf_gzll_get_max_tx_attempts
                0x0000000000001880                nrf_gzll_set_device_channel_selection_policy
                0x00000000000018b8                nrf_gzll_get_device_channel_selection_policy
                0x00000000000018c6                nrf_gzll_set_xosc_ctl
                0x00000000000018fc                nrf_gzll_init
                0x0000000000001988                nrf_gzll_get_xosc_ctl
                0x0000000000001996                nrf_gzll_clear_tick_count
                0x00000000000019a4                nrf_gzll_get_tick_count
                0x00000000000019b0                nrf_gzll_set_auto_disable
                0x00000000000019c8                nrf_gzll_get_error_code
                0x00000000000019d4                nrf_gzll_reset_error_code
                0x00000000000019e0                nrf_gzll_get_internal_debug_code
                0x00000000000019ec                nrf_gzll_reset_internal_debug_code
                0x00000000000019f8                nrf_gzll_mode_changed
                0x00000000000019fa                notification_cb
                0x0000000000001af4                nrf_assert_internal_callback
 .text          0x0000000000001b08     0x119c /home/scott/Builds/nRF5SDK11/components/properitary_rf/gzll/gcc/gzll_gcc.a(nrf_impala.o)
                0x0000000000001ed0                nrf_gpio_debug_pin_write
                0x0000000000001ed2                nrf_impl_disable
                0x0000000000001efc                nrf_impl_is_disabled
                0x0000000000001f0c                nrf_impl_get_mode
                0x0000000000001f18                nrf_impl_reserve_packet
                0x0000000000001f2c                nrf_impl_free_packet
                0x0000000000001f40                nrf_impl_put_tx_fifo
                0x0000000000001f78                nrf_impl_pop_rx_fifo
                0x0000000000001f8c                nrf_impl_read_rx_fifo
                0x0000000000001f94                nrf_impl_read_tx_fifo
                0x0000000000001fa8                nrf_impl_get_tx_fifo_status
                0x0000000000001fb0                nrf_impl_get_rx_fifo_status
                0x0000000000001fb8                nrf_impl_get_available_fifo_packets
                0x0000000000001fc0                nrf_impl_flush_tx_fifo
                0x0000000000001ff4                nrf_impl_flush_rx_fifo
                0x0000000000002008                nrf_impl_set_pipe_0_base_address
                0x0000000000002028                nrf_impl_get_pipe_0_base_address
                0x0000000000002034                nrf_impl_set_pipes_1_to_7_base_address
                0x0000000000002050                nrf_impl_get_pipes_1_to_7_base_address
                0x000000000000205c                nrf_impl_set_prefix_byte
                0x00000000000020b4                nrf_impl_get_prefix_byte
                0x00000000000020d4                nrf_impl_set_channel_table
                0x0000000000002108                nrf_impl_set_sync_lifetime
                0x0000000000002114                nrf_impl_get_sync_lifetime
                0x0000000000002120                nrf_impl_set_base_address_length
                0x0000000000002148                nrf_impl_get_base_address_length
                0x0000000000002154                nrf_impl_set_rx_pipes_enabled
                0x0000000000002160                nrf_impl_get_rx_pipes_enabled
                0x000000000000216c                nrf_impl_set_timeslot_period
                0x0000000000002178                nrf_impl_get_timeslot_period
                0x0000000000002184                nrf_impl_set_timeslots_per_channel_when_in_sync
                0x0000000000002194                nrf_impl_get_timeslots_per_channel_when_in_sync
                0x00000000000021a0                nrf_impl_set_timeslots_per_channel_when_out_of_sync
                0x00000000000021b0                nrf_impl_get_timeslots_per_channel_when_out_of_sync
                0x00000000000021bc                nrf_impl_set_max_allowed_tx_attempts
                0x00000000000021c8                nrf_impl_get_max_allowed_tx_attempts
                0x00000000000021d4                nrf_impl_set_tx_power
                0x00000000000021f0                nrf_impl_get_tx_power
                0x00000000000021fc                nrf_impl_set_crc_length
                0x0000000000002284                nrf_impl_get_crc_length
                0x0000000000002290                nrf_impl_set_datarate
                0x000000000000251c                nrf_impl_set_mode
                0x000000000000254c                nrf_impl_enable
                0x00000000000025ac                nrf_impl_init
                0x0000000000002730                nrf_impl_get_datarate
                0x000000000000273c                nrf_impl_enable_rssi
                0x0000000000002760                nrf_impl_set_channel_selection_policy
                0x000000000000276c                nrf_impl_get_channel_selection_policy
                0x0000000000002778                nrf_impl_set_idle_activity_config
                0x0000000000002784                nrf_impl_get_idle_activity_config
                0x0000000000002790                nrf_impl_set_xosc_ctl
                0x000000000000279c                nrf_impl_get_xosc_ctl
                0x00000000000027a8                nrf_impl_set_dyn_ack_enable
                0x00000000000027b0                nrf_impl_state_fun_device_send_packet
                0x00000000000027f4                async_state_rx_active
                0x0000000000002828                async_state_rx_enabling
                0x00000000000028b0                async_state_tx_ack_complete
                0x00000000000028c4                async_state_packet_received
                0x0000000000002a64                nrf_impl_state_fun_timeslot_start
 .text          0x0000000000002ca4      0x600 /home/scott/Builds/nRF5SDK11/components/properitary_rf/gzll/gcc/gzll_gcc.a(nrf_link_core.o)
                0x0000000000002e78                nrf_lcore_start_operation
                0x0000000000002f20                nrf_lcore_rx_address_match
                0x0000000000002f30                nrf_lcore_force_disable
                0x0000000000002fa0                nrf_lcore_init
                0x0000000000002ff8                RADIO_IRQHandler
                0x00000000000031a0                TESTONLY_current_state_is_legal
                0x00000000000031c4                nrf_lcore_prepare_operation
                0x00000000000032a0                print_lc_debug_info
 .text          0x00000000000032a4      0x108 /home/scott/Builds/nRF5SDK11/components/properitary_rf/gzll/gcc/gzll_gcc.a(nrf_notification_manager.o)
                0x00000000000032a4                nrf_nm_init
                0x00000000000032d8                nrf_nm_add
                0x000000000000333c                nrf_nm_get_remaining_space_in_notification_queue
                0x0000000000003350                SWI0_IRQHandler
 .text          0x00000000000033ac      0x4d4 /home/scott/Builds/nRF5SDK11/components/properitary_rf/gzll/gcc/gzll_gcc.a(nrf_packet_manager.o)
                0x00000000000033e0                nrf_pm_init
                0x000000000000343c                nrf_pm_get_ack_payload_pending
                0x0000000000003448                nrf_pm_there_is_ptx_packet_to_be_serviced
                0x0000000000003454                nrf_pm_get_current_ptx_pipe
                0x0000000000003460                nrf_pm_get_current_ptx_packet
                0x000000000000346c                nrf_pm_get_current_ptx_ack_ptr
                0x0000000000003478                nrf_pm_start_prx
                0x00000000000034c4                nrf_pm_search_for_ptx_pipe_to_service
                0x0000000000003544                nrf_pm_end_prx
                0x000000000000367c                nrf_pm_end_ptx
                0x0000000000003714                nrf_pm_get_state
                0x0000000000003720                nrf_pm_put_tx_fifo
                0x0000000000003746                nrf_pm_read_tx_fifo
                0x000000000000374e                nrf_pm_flush_tx_fifo
                0x000000000000375e                nrf_pm_get_tx_fifo_status
                0x0000000000003766                nrf_pm_read_rx_fifo
                0x0000000000003770                nrf_pm_pop_rx_fifo
                0x000000000000377a                nrf_pm_flush_rx_fifo
                0x0000000000003784                nrf_pm_get_rx_fifo_status
                0x000000000000378e                nrf_pm_start_ptx
                0x000000000000384c                nrf_pm_reserve_packet
                0x0000000000003854                nrf_pm_free_packet
                0x000000000000385c                nrf_pm_get_available_fifo_packets
                0x0000000000003864                nrf_pm_set_dyn_ack_status
                0x0000000000003870                nrf_pm_get_dyn_ack_status
                0x000000000000387c                pm_tx_pipe_to_nrf_fifo_pipe
 .text          0x0000000000003880       0x70 /home/scott/Builds/nRF5SDK11/components/properitary_rf/gzll/gcc/gzll_gcc.a(nrf_state_machine.o)
                0x0000000000003880                nrf_sm_init
                0x0000000000003890                nrf_sm_set_next_state
                0x00000000000038ac                nrf_sm_get_current_state
                0x00000000000038b8                nrf_sm_get_prev_state
                0x00000000000038c4                nrf_sm_get_next_state
                0x00000000000038d0                nrf_sm_execute
 .text          0x00000000000038f0        0x8 /home/scott/Builds/nRF5SDK11/components/properitary_rf/gzll/gcc/gzll_gcc.a(nrf_assert_internal.o)
                0x00000000000038f0                NRF_ASSERT_INTERNAL_parse_and_forward
 .text          0x00000000000038f8      0x20c /home/scott/Builds/nRF5SDK11/components/properitary_rf/gzll/gcc/gzll_gcc.a(nrf_channel_manager.o)
                0x00000000000038f8                nrf_chm_init
                0x0000000000003918                nrf_chm_execute_single_tick
                0x0000000000003944                nrf_chm_execute_ticks
                0x00000000000039a8                nrf_chm_ticks_until_channel_switch
                0x00000000000039b8                nrf_chm_ticks_until_desired_channel
                0x00000000000039f8                nrf_chm_ticks_until_current_timeslot_in_range
                0x0000000000003a3c                nrf_chm_ticks_until_current_timeslot_in_range_on_desired_channel
                0x0000000000003a7c                nrf_chm_get_current_channel
                0x0000000000003aa4                nrf_chm_set_current_channel_index
                0x0000000000003ac8                nrf_chm_get_current_channel_index
                0x0000000000003ad4                nrf_chm_set_current_timeslot
                0x0000000000003af8                nrf_chm_get_current_timeslot
 .text          0x0000000000003b04      0x294 /home/scott/Builds/nRF5SDK11/components/properitary_rf/gzll/gcc/gzll_gcc.a(nrf_fifo.o)
                0x0000000000003b54                nrf_fifo_init
                0x0000000000003ba8                nrf_fifo_reserve_packet
                0x0000000000003be4                nrf_fifo_free_packet
                0x0000000000003c40                nrf_fifo_put_packet
                0x0000000000003cac                nrf_fifo_pop_packet
                0x0000000000003cfc                nrf_fifo_read_packet
                0x0000000000003d30                nrf_fifo_get_packet_count
                0x0000000000003d50                nrf_fifo_get_available_packet_count
                0x0000000000003d5c                nrf_fifo_flush
 .text          0x0000000000003d98      0x258 /home/scott/Builds/nRF5SDK11/components/properitary_rf/gzll/gcc/gzll_gcc.a(nrf_flywheel.o)
                0x0000000000003d98                nrf_flw_init
                0x0000000000003e10                nrf_flw_start
                0x0000000000003e28                nrf_flw_stop
                0x0000000000003e60                nrf_flw_get_runstate
                0x0000000000003e6c                nrf_flw_task_is_delayed
                0x0000000000003e78                NRF_flw_prepare_call
                0x0000000000003f74                nrf_flw_get_ext_capture_task
                0x0000000000003f7c                nrf_flw_get_flw_call_event
                0x0000000000003f84                TIMER2_IRQHandler
 .text          0x0000000000003ff0       0x14 /usr/lib/gcc/arm-none-eabi/7.3.1/thumb/v6-m/libgcc.a(_thumb1_case_uqi.o)
                0x0000000000003ff0                __gnu_thumb1_case_uqi
 .text          0x0000000000004004      0x114 /usr/lib/gcc/arm-none-eabi/7.3.1/thumb/v6-m/libgcc.a(_udivsi3.o)
                0x0000000000004004                __udivsi3
                0x0000000000004004                __aeabi_uidiv
                0x0000000000004110                __aeabi_uidivmod
 .text          0x0000000000004118        0x4 /usr/lib/gcc/arm-none-eabi/7.3.1/thumb/v6-m/libgcc.a(_dvmd_tls.o)
                0x0000000000004118                __aeabi_ldiv0
                0x0000000000004118                __aeabi_idiv0
 .text          0x000000000000411c       0x88 /usr/lib/gcc/arm-none-eabi/7.3.1/../../../arm-none-eabi/lib/thumb/v6-m/libc_nano.a(lib_a-memcpy-stub.o)
                0x000000000000411c                memcpy
 *(.init)
 .init          0x00000000000041a4        0x4 /usr/lib/gcc/arm-none-eabi/7.3.1/thumb/v6-m/crti.o
                0x00000000000041a4                _init
 .init          0x00000000000041a8        0x8 /usr/lib/gcc/arm-none-eabi/7.3.1/thumb/v6-m/crtn.o
 *(.fini)
 .fini          0x00000000000041b0        0x4 /usr/lib/gcc/arm-none-eabi/7.3.1/thumb/v6-m/crti.o
                0x00000000000041b0                _fini
 .fini          0x00000000000041b4        0x8 /usr/lib/gcc/arm-none-eabi/7.3.1/thumb/v6-m/crtn.o
 *crtbegin.o(.ctors)
 *crtbegin?.o(.ctors)
 *(EXCLUDE_FILE(*crtend.o *crtend?.o) .ctors)
 *(SORT_BY_NAME(.ctors.*))
 *(.ctors)
 *crtbegin.o(.dtors)
 *crtbegin?.o(.dtors)
 *(EXCLUDE_FILE(*crtend.o *crtend?.o) .dtors)
 *(SORT_BY_NAME(.dtors.*))
 *(.dtors)
 *(.rodata*)
 .rodata        0x00000000000041bc        0x4 /usr/lib/gcc/arm-none-eabi/7.3.1/../../../arm-none-eabi/lib/thumb/v6-m/libc_nano.a(lib_a-impure.o)
                0x00000000000041bc                _global_impure_ptr
 .rodata        0x00000000000041c0        0xc _build/main.o
 .rodata        0x00000000000041cc       0x20 _build/app_uart_fifo.o
 .rodata.m_default_config
                0x00000000000041ec       0x20 _build/nrf_drv_uart.o
 .rodata        0x000000000000420c        0x2 /home/scott/Builds/nRF5SDK11/components/properitary_rf/gzll/gcc/gzll_gcc.a(nrf_gzll.o)
 *fill*         0x000000000000420e        0x2 
 .rodata        0x0000000000004210       0x30 /home/scott/Builds/nRF5SDK11/components/properitary_rf/gzll/gcc/gzll_gcc.a(nrf_link_core.o)
 *(.eh_frame*)
 .eh_frame      0x0000000000004240        0x0 /usr/lib/gcc/arm-none-eabi/7.3.1/thumb/v6-m/crtbegin.o
 .eh_frame      0x0000000000004240        0x4 /usr/lib/gcc/arm-none-eabi/7.3.1/thumb/v6-m/crtend.o

.glue_7         0x0000000000004244        0x0
 .glue_7        0x0000000000004244        0x0 linker stubs

.glue_7t        0x0000000000004244        0x0
 .glue_7t       0x0000000000004244        0x0 linker stubs

.vfp11_veneer   0x0000000000004244        0x0
 .vfp11_veneer  0x0000000000004244        0x0 linker stubs

.v4_bx          0x0000000000004244        0x0
 .v4_bx         0x0000000000004244        0x0 linker stubs

.iplt           0x0000000000004244        0x0
 .iplt          0x0000000000004244        0x0 /usr/lib/gcc/arm-none-eabi/7.3.1/thumb/v6-m/crtbegin.o

.ARM.extab
 *(.ARM.extab* .gnu.linkonce.armextab.*)
                0x0000000000004244                __exidx_start = .

.ARM.exidx      0x0000000000004244        0x8
 *(.ARM.exidx* .gnu.linkonce.armexidx.*)
 .ARM.exidx     0x0000000000004244        0x8 /usr/lib/gcc/arm-none-eabi/7.3.1/../../../arm-none-eabi/lib/thumb/v6-m/crt0.o
                0x000000000000424c                __exidx_end = .
                0x000000000000424c                __etext = .

.rel.dyn        0x000000000000424c        0x0
 .rel.iplt      0x000000000000424c        0x0 /usr/lib/gcc/arm-none-eabi/7.3.1/thumb/v6-m/crtbegin.o

.data           0x0000000020000000       0x88 load address 0x000000000000424c
                0x0000000020000000                __data_start__ = .
 *(vtable)
 *(.data*)
 .data          0x0000000020000000       0x64 /usr/lib/gcc/arm-none-eabi/7.3.1/../../../arm-none-eabi/lib/thumb/v6-m/libc_nano.a(lib_a-impure.o)
                0x0000000020000000                _impure_ptr
 .data          0x0000000020000064       0x14 /home/scott/Builds/nRF5SDK11/components/properitary_rf/gzll/gcc/gzll_gcc.a(nrf_gzll.o)
 .data          0x0000000020000078        0x8 /home/scott/Builds/nRF5SDK11/components/properitary_rf/gzll/gcc/gzll_gcc.a(nrf_state_machine.o)
                0x0000000020000078                state_functions
                0x0000000020000080                . = ALIGN (0x4)
                0x0000000020000080                PROVIDE (__preinit_array_start = .)
 *(.preinit_array)
                0x0000000020000080                PROVIDE (__preinit_array_end = .)
                0x0000000020000080                . = ALIGN (0x4)
                0x0000000020000080                PROVIDE (__init_array_start = .)
 *(SORT_BY_NAME(.init_array.*))
 *(.init_array)
 .init_array    0x0000000020000080        0x4 /usr/lib/gcc/arm-none-eabi/7.3.1/thumb/v6-m/crtbegin.o
                0x0000000020000084                PROVIDE (__init_array_end = .)
                0x0000000020000084                . = ALIGN (0x4)
                0x0000000020000084                PROVIDE (__fini_array_start = .)
 *(SORT_BY_NAME(.fini_array.*))
 *(.fini_array)
 .fini_array    0x0000000020000084        0x4 /usr/lib/gcc/arm-none-eabi/7.3.1/thumb/v6-m/crtbegin.o
                0x0000000020000088                PROVIDE (__fini_array_end = .)
 *(.jcr*)
                0x0000000020000088                . = ALIGN (0x4)
                0x0000000020000088                __data_end__ = .
LOAD /usr/lib/gcc/arm-none-eabi/7.3.1/thumb/v6-m/crti.o
LOAD /usr/lib/gcc/arm-none-eabi/7.3.1/thumb/v6-m/crtbegin.o
LOAD /usr/lib/gcc/arm-none-eabi/7.3.1/../../../arm-none-eabi/lib/thumb/v6-m/crt0.o
LOAD /usr/lib/gcc/arm-none-eabi/7.3.1/../../../arm-none-eabi/lib/thumb/v6-m/libc_nano.a
LOAD /usr/lib/gcc/arm-none-eabi/7.3.1/../../../arm-none-eabi/lib/thumb/v6-m/libnosys.a
LOAD _build/system_nrf51.o
LOAD _build/main.o
LOAD _build/app_error.o
LOAD _build/app_error_weak.o
LOAD _build/app_fifo.o
LOAD _build/app_util_platform.o
LOAD _build/nrf_assert.o
LOAD _build/retarget.o
LOAD _build/app_uart_fifo.o
LOAD _build/nrf_delay.o
LOAD _build/nrf_drv_common.o
LOAD _build/nrf_drv_uart.o
LOAD _build/gcc_startup_nrf51.o
LOAD /home/scott/Builds/nRF5SDK11/components/properitary_rf/gzll/gcc/gzll_gcc.a
LOAD /usr/lib/gcc/arm-none-eabi/7.3.1/../../../arm-none-eabi/lib/thumb/v6-m/libm.a
START GROUP
LOAD /usr/lib/gcc/arm-none-eabi/7.3.1/thumb/v6-m/libgcc.a
LOAD /usr/lib/gcc/arm-none-eabi/7.3.1/../../../arm-none-eabi/lib/thumb/v6-m/libc_nano.a
END GROUP
START GROUP
LOAD /usr/lib/gcc/arm-none-eabi/7.3.1/thumb/v6-m/libgcc.a
LOAD /usr/lib/gcc/arm-none-eabi/7.3.1/../../../arm-none-eabi/lib/thumb/v6-m/libc_nano.a
END GROUP
LOAD /usr/lib/gcc/arm-none-eabi/7.3.1/thumb/v6-m/crtend.o
LOAD /usr/lib/gcc/arm-none-eabi/7.3.1/thumb/v6-m/crtn.o
START GROUP
LOAD /usr/lib/gcc/arm-none-eabi/7.3.1/thumb/v6-m/libgcc.a
LOAD /usr/lib/gcc/arm-none-eabi/7.3.1/../../../arm-none-eabi/lib/thumb/v6-m/libc.a
LOAD /usr/lib/gcc/arm-none-eabi/7.3.1/../../../arm-none-eabi/lib/thumb/v6-m/libnosys.a
END GROUP

.tm_clone_table
                0x0000000020000088        0x0 load address 0x00000000000042d4
 .tm_clone_table
                0x0000000020000088        0x0 /usr/lib/gcc/arm-none-eabi/7.3.1/thumb/v6-m/crtbegin.o
 .tm_clone_table
                0x0000000020000088        0x0 /usr/lib/gcc/arm-none-eabi/7.3.1/thumb/v6-m/crtend.o

.igot.plt       0x0000000020000088        0x0 load address 0x00000000000042d4
 .igot.plt      0x0000000020000088        0x0 /usr/lib/gcc/arm-none-eabi/7.3.1/thumb/v6-m/crtbegin.o

.fs_data        0x0000000020000088        0x0
                [!provide]                        PROVIDE (__start_fs_data = .)
 *(.fs_data)
                [!provide]                        PROVIDE (__stop_fs_data = .)

.bss            0x0000000020000088      0x630 load address 0x00000000000042d4
                0x0000000020000088                . = ALIGN (0x4)
                0x0000000020000088                __bss_start__ = .
 *(.bss*)
 .bss           0x0000000020000088       0x1c /usr/lib/gcc/arm-none-eabi/7.3.1/thumb/v6-m/crtbegin.o
 .bss           0x00000000200000a4       0x8c /usr/lib/gcc/arm-none-eabi/7.3.1/../../../arm-none-eabi/lib/thumb/v6-m/libc_nano.a(lib_a-__atexit.o)
 .bss           0x0000000020000130        0x4 /usr/lib/gcc/arm-none-eabi/7.3.1/../../../arm-none-eabi/lib/thumb/v6-m/libc_nano.a(lib_a-__call_atexit.o)
                0x0000000020000130                _global_atexit
 .bss.ack_payload
                0x0000000020000134        0x5 _build/main.o
 *fill*         0x0000000020000139        0x3 
 .bss.data_buffer
                0x000000002000013c        0xa _build/main.o
 *fill*         0x0000000020000146        0x2 
 .bss.data_payload_left
                0x0000000020000148       0x20 _build/main.o
 .bss.data_payload_right
                0x0000000020000168       0x20 _build/main.o
 .bss.left_active
                0x0000000020000188        0x4 _build/main.o
                0x0000000020000188                left_active
 .bss.packet_received_left
                0x000000002000018c        0x1 _build/main.o
 .bss.packet_received_right
                0x000000002000018d        0x1 _build/main.o
 *fill*         0x000000002000018e        0x2 
 .bss.right_active
                0x0000000020000190        0x4 _build/main.o
                0x0000000020000190                right_active
 .bss.rx_buf.6241
                0x0000000020000194        0x1 _build/main.o
 *fill*         0x0000000020000195        0x3 
 .bss.tx_buf.6242
                0x0000000020000198      0x100 _build/main.o
 .bss.m_event_handler
                0x0000000020000298        0x4 _build/app_uart_fifo.o
 .bss.m_rx_fifo
                0x000000002000029c       0x10 _build/app_uart_fifo.o
 .bss.m_tx_fifo
                0x00000000200002ac       0x10 _build/app_uart_fifo.o
 .bss.rx_buffer
                0x00000000200002bc        0x1 _build/app_uart_fifo.o
 *fill*         0x00000000200002bd        0x3 
 .bss.tx_buffer
                0x00000000200002c0        0x1 _build/app_uart_fifo.o
 *fill*         0x00000000200002c1        0x3 
 .bss.m_cb      0x00000000200002c4       0x1c _build/nrf_drv_uart.o
 .bss           0x00000000200002e0       0x18 /home/scott/Builds/nRF5SDK11/components/properitary_rf/gzll/gcc/gzll_gcc.a(nrf_gzll.o)
                0x00000000200002f4                assert_count
 .bss           0x00000000200002f8       0x10 /home/scott/Builds/nRF5SDK11/components/properitary_rf/gzll/gcc/gzll_gcc.a(nrf_impala.o)
 .bss           0x0000000020000308        0x4 /home/scott/Builds/nRF5SDK11/components/properitary_rf/gzll/gcc/gzll_gcc.a(nrf_link_core.o)
 .bss           0x000000002000030c        0xc /home/scott/Builds/nRF5SDK11/components/properitary_rf/gzll/gcc/gzll_gcc.a(nrf_channel_manager.o)
 .bss           0x0000000020000318        0x8 /home/scott/Builds/nRF5SDK11/components/properitary_rf/gzll/gcc/gzll_gcc.a(nrf_flywheel.o)
 *(COMMON)
 COMMON         0x0000000020000320        0x1 _build/main.o
                0x0000000020000320                c
 COMMON         0x0000000020000321        0x1 /home/scott/Builds/nRF5SDK11/components/properitary_rf/gzll/gcc/gzll_gcc.a(nrf_gzll.o)
                0x0000000020000321                nrf_gzll_error_code
 *fill*         0x0000000020000322        0x2 
 COMMON         0x0000000020000324       0x6c /home/scott/Builds/nRF5SDK11/components/properitary_rf/gzll/gcc/gzll_gcc.a(nrf_impala.o)
                0x0000000020000324                nrf_impl_status
                0x0000000020000340                lcore_config
                0x0000000020000358                impl_async_state
                0x000000002000035c                impl_internal_params
 COMMON         0x0000000020000390       0x24 /home/scott/Builds/nRF5SDK11/components/properitary_rf/gzll/gcc/gzll_gcc.a(nrf_link_core.o)
                0x0000000020000390                nrf_lcore_status
 COMMON         0x00000000200003b4       0x88 /home/scott/Builds/nRF5SDK11/components/properitary_rf/gzll/gcc/gzll_gcc.a(nrf_notification_manager.o)
                0x00000000200003b4                nm_status
 COMMON         0x000000002000043c       0x9c /home/scott/Builds/nRF5SDK11/components/properitary_rf/gzll/gcc/gzll_gcc.a(nrf_packet_manager.o)
                0x000000002000043c                pm_status
                0x00000000200004d0                nrf_pm_ack_payload_pending
 COMMON         0x00000000200004d8        0x3 /home/scott/Builds/nRF5SDK11/components/properitary_rf/gzll/gcc/gzll_gcc.a(nrf_state_machine.o)
                0x00000000200004d8                sm_status
 *fill*         0x00000000200004db        0x1 
 COMMON         0x00000000200004dc      0x1d8 /home/scott/Builds/nRF5SDK11/components/properitary_rf/gzll/gcc/gzll_gcc.a(nrf_fifo.o)
                0x00000000200004dc                available_packet_count
                0x00000000200004e0                available_packets
                0x00000000200004f8                pipe_status
                0x0000000020000528                fifo_contents
                0x00000000200005e8                packet_pool
 COMMON         0x00000000200006b4        0x1 /home/scott/Builds/nRF5SDK11/components/properitary_rf/gzll/gcc/gzll_gcc.a(nrf_flywheel.o)
                0x00000000200006b4                runstate
                0x00000000200006b8                . = ALIGN (0x4)
 *fill*         0x00000000200006b5        0x3 
                0x00000000200006b8                __bss_end__ = .

.heap           0x00000000200006b8      0x800
                0x00000000200006b8                __end__ = .
                [!provide]                        PROVIDE (end = .)
 *(.heap*)
 .heap          0x00000000200006b8      0x800 _build/gcc_startup_nrf51.o
                0x00000000200006b8                __HeapBase
                0x0000000020000eb8                __HeapLimit = .

.stack_dummy    0x00000000200006b8      0x800
 *(.stack*)
 .stack         0x00000000200006b8      0x800 _build/gcc_startup_nrf51.o
                0x0000000020004000                __StackTop = (ORIGIN (RAM) + LENGTH (RAM))
                0x0000000020003800                __StackLimit = (__StackTop - SIZEOF (.stack_dummy))
                0x0000000020004000                PROVIDE (__stack = __StackTop)
                0x0000000000000001                ASSERT ((__StackLimit >= __HeapLimit), region RAM overflowed with stack)
OUTPUT(_build/nrf51822_xxac.out elf32-littlearm)

.ARM.attributes
                0x0000000000000000       0x28
 .ARM.attributes
                0x0000000000000000       0x1e /usr/lib/gcc/arm-none-eabi/7.3.1/thumb/v6-m/crti.o
 .ARM.attributes
                0x000000000000001e       0x2c /usr/lib/gcc/arm-none-eabi/7.3.1/thumb/v6-m/crtbegin.o
 .ARM.attributes
                0x000000000000004a       0x1b /usr/lib/gcc/arm-none-eabi/7.3.1/../../../arm-none-eabi/lib/thumb/v6-m/crt0.o
 .ARM.attributes
                0x0000000000000065       0x2c /usr/lib/gcc/arm-none-eabi/7.3.1/../../../arm-none-eabi/lib/thumb/v6-m/libc_nano.a(lib_a-atexit.o)
 .ARM.attributes
                0x0000000000000091       0x2c /usr/lib/gcc/arm-none-eabi/7.3.1/../../../arm-none-eabi/lib/thumb/v6-m/libc_nano.a(lib_a-exit.o)
 .ARM.attributes
                0x00000000000000bd       0x2c /usr/lib/gcc/arm-none-eabi/7.3.1/../../../arm-none-eabi/lib/thumb/v6-m/libc_nano.a(lib_a-fini.o)
 .ARM.attributes
                0x00000000000000e9       0x2c /usr/lib/gcc/arm-none-eabi/7.3.1/../../../arm-none-eabi/lib/thumb/v6-m/libc_nano.a(lib_a-impure.o)
 .ARM.attributes
                0x0000000000000115       0x2c /usr/lib/gcc/arm-none-eabi/7.3.1/../../../arm-none-eabi/lib/thumb/v6-m/libc_nano.a(lib_a-init.o)
 .ARM.attributes
                0x0000000000000141       0x2c /usr/lib/gcc/arm-none-eabi/7.3.1/../../../arm-none-eabi/lib/thumb/v6-m/libc_nano.a(lib_a-memset.o)
 .ARM.attributes
                0x000000000000016d       0x2c /usr/lib/gcc/arm-none-eabi/7.3.1/../../../arm-none-eabi/lib/thumb/v6-m/libc_nano.a(lib_a-__atexit.o)
 .ARM.attributes
                0x0000000000000199       0x2c /usr/lib/gcc/arm-none-eabi/7.3.1/../../../arm-none-eabi/lib/thumb/v6-m/libc_nano.a(lib_a-__call_atexit.o)
 .ARM.attributes
                0x00000000000001c5       0x2c /usr/lib/gcc/arm-none-eabi/7.3.1/../../../arm-none-eabi/lib/thumb/v6-m/libnosys.a(_exit.o)
 .ARM.attributes
                0x00000000000001f1       0x31 _build/system_nrf51.o
 .ARM.attributes
                0x0000000000000222       0x31 _build/main.o
 .ARM.attributes
                0x0000000000000253       0x31 _build/app_error.o
 .ARM.attributes
                0x0000000000000284       0x31 _build/app_error_weak.o
 .ARM.attributes
                0x00000000000002b5       0x31 _build/app_fifo.o
 .ARM.attributes
                0x00000000000002e6       0x31 _build/app_uart_fifo.o
 .ARM.attributes
                0x0000000000000317       0x31 _build/nrf_drv_common.o
 .ARM.attributes
                0x0000000000000348       0x31 _build/nrf_drv_uart.o
 .ARM.attributes
                0x0000000000000379       0x1b _build/gcc_startup_nrf51.o
 .ARM.attributes
                0x0000000000000394       0x31 /home/scott/Builds/nRF5SDK11/components/properitary_rf/gzll/gcc/gzll_gcc.a(nrf_gzll.o)
 .ARM.attributes
                0x00000000000003c5       0x31 /home/scott/Builds/nRF5SDK11/components/properitary_rf/gzll/gcc/gzll_gcc.a(nrf_impala.o)
 .ARM.attributes
                0x00000000000003f6       0x31 /home/scott/Builds/nRF5SDK11/components/properitary_rf/gzll/gcc/gzll_gcc.a(nrf_link_core.o)
 .ARM.attributes
                0x0000000000000427       0x31 /home/scott/Builds/nRF5SDK11/components/properitary_rf/gzll/gcc/gzll_gcc.a(nrf_notification_manager.o)
 .ARM.attributes
                0x0000000000000458       0x31 /home/scott/Builds/nRF5SDK11/components/properitary_rf/gzll/gcc/gzll_gcc.a(nrf_packet_manager.o)
 .ARM.attributes
                0x0000000000000489       0x31 /home/scott/Builds/nRF5SDK11/components/properitary_rf/gzll/gcc/gzll_gcc.a(nrf_state_machine.o)
 .ARM.attributes
                0x00000000000004ba       0x31 /home/scott/Builds/nRF5SDK11/components/properitary_rf/gzll/gcc/gzll_gcc.a(nrf_assert_internal.o)
 .ARM.attributes
                0x00000000000004eb       0x31 /home/scott/Builds/nRF5SDK11/components/properitary_rf/gzll/gcc/gzll_gcc.a(nrf_channel_manager.o)
 .ARM.attributes
                0x000000000000051c       0x31 /home/scott/Builds/nRF5SDK11/components/properitary_rf/gzll/gcc/gzll_gcc.a(nrf_fifo.o)
 .ARM.attributes
                0x000000000000054d       0x31 /home/scott/Builds/nRF5SDK11/components/properitary_rf/gzll/gcc/gzll_gcc.a(nrf_flywheel.o)
 .ARM.attributes
                0x000000000000057e       0x1e /usr/lib/gcc/arm-none-eabi/7.3.1/thumb/v6-m/libgcc.a(_thumb1_case_uqi.o)
 .ARM.attributes
                0x000000000000059c       0x1e /usr/lib/gcc/arm-none-eabi/7.3.1/thumb/v6-m/libgcc.a(_udivsi3.o)
 .ARM.attributes
                0x00000000000005ba       0x1e /usr/lib/gcc/arm-none-eabi/7.3.1/thumb/v6-m/libgcc.a(_dvmd_tls.o)
 .ARM.attributes
                0x00000000000005d8       0x2c /usr/lib/gcc/arm-none-eabi/7.3.1/../../../arm-none-eabi/lib/thumb/v6-m/libc_nano.a(lib_a-memcpy-stub.o)
 .ARM.attributes
                0x0000000000000604       0x2c /usr/lib/gcc/arm-none-eabi/7.3.1/thumb/v6-m/crtend.o
 .ARM.attributes
                0x0000000000000630       0x1e /usr/lib/gcc/arm-none-eabi/7.3.1/thumb/v6-m/crtn.o

.comment        0x0000000000000000      0x11e
 .comment       0x0000000000000000       0x57 /usr/lib/gcc/arm-none-eabi/7.3.1/thumb/v6-m/crtbegin.o
                                         0x58 (size before relaxing)
 .comment       0x0000000000000057       0x57 /usr/lib/gcc/arm-none-eabi/7.3.1/../../../arm-none-eabi/lib/thumb/v6-m/libc_nano.a(lib_a-atexit.o)
                                         0x58 (size before relaxing)
 .comment       0x00000000000000ae       0x58 /usr/lib/gcc/arm-none-eabi/7.3.1/../../../arm-none-eabi/lib/thumb/v6-m/libc_nano.a(lib_a-exit.o)
 .comment       0x00000000000000ae       0x58 /usr/lib/gcc/arm-none-eabi/7.3.1/../../../arm-none-eabi/lib/thumb/v6-m/libc_nano.a(lib_a-fini.o)
 .comment       0x00000000000000ae       0x58 /usr/lib/gcc/arm-none-eabi/7.3.1/../../../arm-none-eabi/lib/thumb/v6-m/libc_nano.a(lib_a-impure.o)
 .comment       0x00000000000000ae       0x58 /usr/lib/gcc/arm-none-eabi/7.3.1/../../../arm-none-eabi/lib/thumb/v6-m/libc_nano.a(lib_a-init.o)
 .comment       0x00000000000000ae       0x58 /usr/lib/gcc/arm-none-eabi/7.3.1/../../../arm-none-eabi/lib/thumb/v6-m/libc_nano.a(lib_a-memset.o)
 .comment       0x00000000000000ae       0x58 /usr/lib/gcc/arm-none-eabi/7.3.1/../../../arm-none-eabi/lib/thumb/v6-m/libc_nano.a(lib_a-__atexit.o)
 .comment       0x00000000000000ae       0x58 /usr/lib/gcc/arm-none-eabi/7.3.1/../../../arm-none-eabi/lib/thumb/v6-m/libc_nano.a(lib_a-__call_atexit.o)
 .comment       0x00000000000000ae       0x58 /usr/lib/gcc/arm-none-eabi/7.3.1/../../../arm-none-eabi/lib/thumb/v6-m/libnosys.a(_exit.o)
 .comment       0x00000000000000ae       0x58 _build/system_nrf51.o
 .comment       0x00000000000000ae       0x58 _build/main.o
 .comment       0x00000000000000ae       0x58 _build/app_error.o
 .comment       0x00000000000000ae       0x58 _build/app_error_weak.o
 .comment       0x00000000000000ae       0x58 _build/app_fifo.o
 .comment       0x00000000000000ae       0x58 _build/app_uart_fifo.o
 .comment       0x00000000000000ae       0x58 _build/nrf_drv_common.o
 .comment       0x00000000000000ae       0x58 _build/nrf_drv_uart.o
 .comment       0x00000000000000ae       0x70 /home/scott/Builds/nRF5SDK11/components/properitary_rf/gzll/gcc/gzll_gcc.a(nrf_gzll.o)
                                         0x71 (size before relaxing)
 .comment       0x000000000000011e       0x71 /home/scott/Builds/nRF5SDK11/components/properitary_rf/gzll/gcc/gzll_gcc.a(nrf_impala.o)
 .comment       0x000000000000011e       0x71 /home/scott/Builds/nRF5SDK11/components/properitary_rf/gzll/gcc/gzll_gcc.a(nrf_link_core.o)
 .comment       0x000000000000011e       0x71 /home/scott/Builds/nRF5SDK11/components/properitary_rf/gzll/gcc/gzll_gcc.a(nrf_notification_manager.o)
 .comment       0x000000000000011e       0x71 /home/scott/Builds/nRF5SDK11/components/properitary_rf/gzll/gcc/gzll_gcc.a(nrf_packet_manager.o)
 .comment       0x000000000000011e       0x71 /home/scott/Builds/nRF5SDK11/components/properitary_rf/gzll/gcc/gzll_gcc.a(nrf_state_machine.o)
 .comment       0x000000000000011e       0x71 /home/scott/Builds/nRF5SDK11/components/properitary_rf/gzll/gcc/gzll_gcc.a(nrf_assert_internal.o)
 .comment       0x000000000000011e       0x71 /home/scott/Builds/nRF5SDK11/components/properitary_rf/gzll/gcc/gzll_gcc.a(nrf_channel_manager.o)
 .comment       0x000000000000011e       0x71 /home/scott/Builds/nRF5SDK11/components/properitary_rf/gzll/gcc/gzll_gcc.a(nrf_fifo.o)
 .comment       0x000000000000011e       0x71 /home/scott/Builds/nRF5SDK11/components/properitary_rf/gzll/gcc/gzll_gcc.a(nrf_flywheel.o)
 .comment       0x000000000000011e       0x58 /usr/lib/gcc/arm-none-eabi/7.3.1/../../../arm-none-eabi/lib/thumb/v6-m/libc_nano.a(lib_a-memcpy-stub.o)
 .comment       0x000000000000011e       0x58 /usr/lib/gcc/arm-none-eabi/7.3.1/thumb/v6-m/crtend.o

.debug_line     0x0000000000000000     0x41f5
 .debug_line    0x0000000000000000       0x86 /usr/lib/gcc/arm-none-eabi/7.3.1/../../../arm-none-eabi/lib/thumb/v6-m/crt0.o
 .debug_line    0x0000000000000086      0x153 /usr/lib/gcc/arm-none-eabi/7.3.1/../../../arm-none-eabi/lib/thumb/v6-m/libc_nano.a(lib_a-atexit.o)
 .debug_line    0x00000000000001d9      0x156 /usr/lib/gcc/arm-none-eabi/7.3.1/../../../arm-none-eabi/lib/thumb/v6-m/libc_nano.a(lib_a-exit.o)
 .debug_line    0x000000000000032f       0x9f /usr/lib/gcc/arm-none-eabi/7.3.1/../../../arm-none-eabi/lib/thumb/v6-m/libc_nano.a(lib_a-fini.o)
 .debug_line    0x00000000000003ce       0xe9 /usr/lib/gcc/arm-none-eabi/7.3.1/../../../arm-none-eabi/lib/thumb/v6-m/libc_nano.a(lib_a-impure.o)
 .debug_line    0x00000000000004b7       0xbf /usr/lib/gcc/arm-none-eabi/7.3.1/../../../arm-none-eabi/lib/thumb/v6-m/libc_nano.a(lib_a-init.o)
 .debug_line    0x0000000000000576      0x1de /usr/lib/gcc/arm-none-eabi/7.3.1/../../../arm-none-eabi/lib/thumb/v6-m/libc_nano.a(lib_a-memset.o)
 .debug_line    0x0000000000000754      0x184 /usr/lib/gcc/arm-none-eabi/7.3.1/../../../arm-none-eabi/lib/thumb/v6-m/libc_nano.a(lib_a-__atexit.o)
 .debug_line    0x00000000000008d8      0x1a2 /usr/lib/gcc/arm-none-eabi/7.3.1/../../../arm-none-eabi/lib/thumb/v6-m/libc_nano.a(lib_a-__call_atexit.o)
 .debug_line    0x0000000000000a7a       0x5b /usr/lib/gcc/arm-none-eabi/7.3.1/../../../arm-none-eabi/lib/thumb/v6-m/libnosys.a(_exit.o)
 .debug_line    0x0000000000000ad5      0x2b0 _build/system_nrf51.o
 .debug_line    0x0000000000000d85      0x8fb _build/main.o
 .debug_line    0x0000000000001680      0x4d3 _build/app_error.o
 .debug_line    0x0000000000001b53      0x496 _build/app_error_weak.o
 .debug_line    0x0000000000001fe9      0x57f _build/app_fifo.o
 .debug_line    0x0000000000002568      0x7d6 _build/app_uart_fifo.o
 .debug_line    0x0000000000002d3e      0x5d9 _build/nrf_drv_common.o
 .debug_line    0x0000000000003317      0xbbb _build/nrf_drv_uart.o
 .debug_line    0x0000000000003ed2       0x65 /usr/lib/gcc/arm-none-eabi/7.3.1/thumb/v6-m/libgcc.a(_thumb1_case_uqi.o)
 .debug_line    0x0000000000003f37       0x69 /usr/lib/gcc/arm-none-eabi/7.3.1/thumb/v6-m/libgcc.a(_udivsi3.o)
 .debug_line    0x0000000000003fa0       0x5d /usr/lib/gcc/arm-none-eabi/7.3.1/thumb/v6-m/libgcc.a(_dvmd_tls.o)
 .debug_line    0x0000000000003ffd      0x1f8 /usr/lib/gcc/arm-none-eabi/7.3.1/../../../arm-none-eabi/lib/thumb/v6-m/libc_nano.a(lib_a-memcpy-stub.o)

.debug_info     0x0000000000000000     0xcf11
 .debug_info    0x0000000000000000       0x26 /usr/lib/gcc/arm-none-eabi/7.3.1/../../../arm-none-eabi/lib/thumb/v6-m/crt0.o
 .debug_info    0x0000000000000026      0x907 /usr/lib/gcc/arm-none-eabi/7.3.1/../../../arm-none-eabi/lib/thumb/v6-m/libc_nano.a(lib_a-atexit.o)
 .debug_info    0x000000000000092d      0x952 /usr/lib/gcc/arm-none-eabi/7.3.1/../../../arm-none-eabi/lib/thumb/v6-m/libc_nano.a(lib_a-exit.o)
 .debug_info    0x000000000000127f       0xf3 /usr/lib/gcc/arm-none-eabi/7.3.1/../../../arm-none-eabi/lib/thumb/v6-m/libc_nano.a(lib_a-fini.o)
 .debug_info    0x0000000000001372      0x8a4 /usr/lib/gcc/arm-none-eabi/7.3.1/../../../arm-none-eabi/lib/thumb/v6-m/libc_nano.a(lib_a-impure.o)
 .debug_info    0x0000000000001c16      0x109 /usr/lib/gcc/arm-none-eabi/7.3.1/../../../arm-none-eabi/lib/thumb/v6-m/libc_nano.a(lib_a-init.o)
 .debug_info    0x0000000000001d1f      0xe1d /usr/lib/gcc/arm-none-eabi/7.3.1/../../../arm-none-eabi/lib/thumb/v6-m/libc_nano.a(lib_a-memset.o)
 .debug_info    0x0000000000002b3c      0x991 /usr/lib/gcc/arm-none-eabi/7.3.1/../../../arm-none-eabi/lib/thumb/v6-m/libc_nano.a(lib_a-__atexit.o)
 .debug_info    0x00000000000034cd      0x95e /usr/lib/gcc/arm-none-eabi/7.3.1/../../../arm-none-eabi/lib/thumb/v6-m/libc_nano.a(lib_a-__call_atexit.o)
 .debug_info    0x0000000000003e2b       0x9a /usr/lib/gcc/arm-none-eabi/7.3.1/../../../arm-none-eabi/lib/thumb/v6-m/libnosys.a(_exit.o)
 .debug_info    0x0000000000003ec5      0x1e2 _build/system_nrf51.o
 .debug_info    0x00000000000040a7     0x10b5 _build/main.o
 .debug_info    0x000000000000515c      0xb3c _build/app_error.o
 .debug_info    0x0000000000005c98      0xa00 _build/app_error_weak.o
 .debug_info    0x0000000000006698      0xe01 _build/app_fifo.o
 .debug_info    0x0000000000007499     0x1282 _build/app_uart_fifo.o
 .debug_info    0x000000000000871b      0xc33 _build/nrf_drv_common.o
 .debug_info    0x000000000000934e     0x2d1b _build/nrf_drv_uart.o
 .debug_info    0x000000000000c069       0x26 /usr/lib/gcc/arm-none-eabi/7.3.1/thumb/v6-m/libgcc.a(_thumb1_case_uqi.o)
 .debug_info    0x000000000000c08f       0x26 /usr/lib/gcc/arm-none-eabi/7.3.1/thumb/v6-m/libgcc.a(_udivsi3.o)
 .debug_info    0x000000000000c0b5       0x26 /usr/lib/gcc/arm-none-eabi/7.3.1/thumb/v6-m/libgcc.a(_dvmd_tls.o)
 .debug_info    0x000000000000c0db      0xe36 /usr/lib/gcc/arm-none-eabi/7.3.1/../../../arm-none-eabi/lib/thumb/v6-m/libc_nano.a(lib_a-memcpy-stub.o)

.debug_abbrev   0x0000000000000000     0x2426
 .debug_abbrev  0x0000000000000000       0x14 /usr/lib/gcc/arm-none-eabi/7.3.1/../../../arm-none-eabi/lib/thumb/v6-m/crt0.o
 .debug_abbrev  0x0000000000000014      0x1c8 /usr/lib/gcc/arm-none-eabi/7.3.1/../../../arm-none-eabi/lib/thumb/v6-m/libc_nano.a(lib_a-atexit.o)
 .debug_abbrev  0x00000000000001dc      0x1cd /usr/lib/gcc/arm-none-eabi/7.3.1/../../../arm-none-eabi/lib/thumb/v6-m/libc_nano.a(lib_a-exit.o)
 .debug_abbrev  0x00000000000003a9       0xba /usr/lib/gcc/arm-none-eabi/7.3.1/../../../arm-none-eabi/lib/thumb/v6-m/libc_nano.a(lib_a-fini.o)
 .debug_abbrev  0x0000000000000463      0x15c /usr/lib/gcc/arm-none-eabi/7.3.1/../../../arm-none-eabi/lib/thumb/v6-m/libc_nano.a(lib_a-impure.o)
 .debug_abbrev  0x00000000000005bf       0xba /usr/lib/gcc/arm-none-eabi/7.3.1/../../../arm-none-eabi/lib/thumb/v6-m/libc_nano.a(lib_a-init.o)
 .debug_abbrev  0x0000000000000679      0x1a8 /usr/lib/gcc/arm-none-eabi/7.3.1/../../../arm-none-eabi/lib/thumb/v6-m/libc_nano.a(lib_a-memset.o)
 .debug_abbrev  0x0000000000000821      0x225 /usr/lib/gcc/arm-none-eabi/7.3.1/../../../arm-none-eabi/lib/thumb/v6-m/libc_nano.a(lib_a-__atexit.o)
 .debug_abbrev  0x0000000000000a46      0x1fd /usr/lib/gcc/arm-none-eabi/7.3.1/../../../arm-none-eabi/lib/thumb/v6-m/libc_nano.a(lib_a-__call_atexit.o)
 .debug_abbrev  0x0000000000000c43       0x61 /usr/lib/gcc/arm-none-eabi/7.3.1/../../../arm-none-eabi/lib/thumb/v6-m/libnosys.a(_exit.o)
 .debug_abbrev  0x0000000000000ca4      0x10b _build/system_nrf51.o
 .debug_abbrev  0x0000000000000daf      0x396 _build/main.o
 .debug_abbrev  0x0000000000001145      0x235 _build/app_error.o
 .debug_abbrev  0x000000000000137a      0x20d _build/app_error_weak.o
 .debug_abbrev  0x0000000000001587      0x28d _build/app_fifo.o
 .debug_abbrev  0x0000000000001814      0x2f6 _build/app_uart_fifo.o
 .debug_abbrev  0x0000000000001b0a      0x27e _build/nrf_drv_common.o
 .debug_abbrev  0x0000000000001d88      0x4ae _build/nrf_drv_uart.o
 .debug_abbrev  0x0000000000002236       0x14 /usr/lib/gcc/arm-none-eabi/7.3.1/thumb/v6-m/libgcc.a(_thumb1_case_uqi.o)
 .debug_abbrev  0x000000000000224a       0x14 /usr/lib/gcc/arm-none-eabi/7.3.1/thumb/v6-m/libgcc.a(_udivsi3.o)
 .debug_abbrev  0x000000000000225e       0x14 /usr/lib/gcc/arm-none-eabi/7.3.1/thumb/v6-m/libgcc.a(_dvmd_tls.o)
 .debug_abbrev  0x0000000000002272      0x1b4 /usr/lib/gcc/arm-none-eabi/7.3.1/../../../arm-none-eabi/lib/thumb/v6-m/libc_nano.a(lib_a-memcpy-stub.o)

.debug_aranges  0x0000000000000000      0x398
 .debug_aranges
                0x0000000000000000       0x20 /usr/lib/gcc/arm-none-eabi/7.3.1/../../../arm-none-eabi/lib/thumb/v6-m/crt0.o
 .debug_aranges
                0x0000000000000020       0x20 /usr/lib/gcc/arm-none-eabi/7.3.1/../../../arm-none-eabi/lib/thumb/v6-m/libc_nano.a(lib_a-atexit.o)
 .debug_aranges
                0x0000000000000040       0x20 /usr/lib/gcc/arm-none-eabi/7.3.1/../../../arm-none-eabi/lib/thumb/v6-m/libc_nano.a(lib_a-exit.o)
 .debug_aranges
                0x0000000000000060       0x20 /usr/lib/gcc/arm-none-eabi/7.3.1/../../../arm-none-eabi/lib/thumb/v6-m/libc_nano.a(lib_a-fini.o)
 .debug_aranges
                0x0000000000000080       0x18 /usr/lib/gcc/arm-none-eabi/7.3.1/../../../arm-none-eabi/lib/thumb/v6-m/libc_nano.a(lib_a-impure.o)
 .debug_aranges
                0x0000000000000098       0x20 /usr/lib/gcc/arm-none-eabi/7.3.1/../../../arm-none-eabi/lib/thumb/v6-m/libc_nano.a(lib_a-init.o)
 .debug_aranges
                0x00000000000000b8       0x20 /usr/lib/gcc/arm-none-eabi/7.3.1/../../../arm-none-eabi/lib/thumb/v6-m/libc_nano.a(lib_a-memset.o)
 .debug_aranges
                0x00000000000000d8       0x20 /usr/lib/gcc/arm-none-eabi/7.3.1/../../../arm-none-eabi/lib/thumb/v6-m/libc_nano.a(lib_a-__atexit.o)
 .debug_aranges
                0x00000000000000f8       0x20 /usr/lib/gcc/arm-none-eabi/7.3.1/../../../arm-none-eabi/lib/thumb/v6-m/libc_nano.a(lib_a-__call_atexit.o)
 .debug_aranges
                0x0000000000000118       0x20 /usr/lib/gcc/arm-none-eabi/7.3.1/../../../arm-none-eabi/lib/thumb/v6-m/libnosys.a(_exit.o)
 .debug_aranges
                0x0000000000000138       0x28 _build/system_nrf51.o
 .debug_aranges
                0x0000000000000160       0x40 _build/main.o
 .debug_aranges
                0x00000000000001a0       0x30 _build/app_error.o
 .debug_aranges
                0x00000000000001d0       0x20 _build/app_error_weak.o
 .debug_aranges
                0x00000000000001f0       0x50 _build/app_fifo.o
 .debug_aranges
                0x0000000000000240       0x48 _build/app_uart_fifo.o
 .debug_aranges
                0x0000000000000288       0x20 _build/nrf_drv_common.o
 .debug_aranges
                0x00000000000002a8       0x70 _build/nrf_drv_uart.o
 .debug_aranges
                0x0000000000000318       0x20 /usr/lib/gcc/arm-none-eabi/7.3.1/thumb/v6-m/libgcc.a(_thumb1_case_uqi.o)
 .debug_aranges
                0x0000000000000338       0x20 /usr/lib/gcc/arm-none-eabi/7.3.1/thumb/v6-m/libgcc.a(_udivsi3.o)
 .debug_aranges
                0x0000000000000358       0x20 /usr/lib/gcc/arm-none-eabi/7.3.1/thumb/v6-m/libgcc.a(_dvmd_tls.o)
 .debug_aranges
                0x0000000000000378       0x20 /usr/lib/gcc/arm-none-eabi/7.3.1/../../../arm-none-eabi/lib/thumb/v6-m/libc_nano.a(lib_a-memcpy-stub.o)

.debug_str      0x0000000000000000    0x390e7
 .debug_str     0x0000000000000000       0x97 /usr/lib/gcc/arm-none-eabi/7.3.1/../../../arm-none-eabi/lib/thumb/v6-m/crt0.o
 .debug_str     0x0000000000000097      0x4f5 /usr/lib/gcc/arm-none-eabi/7.3.1/../../../arm-none-eabi/lib/thumb/v6-m/libc_nano.a(lib_a-atexit.o)
                                        0x626 (size before relaxing)
 .debug_str     0x000000000000058c       0x6c /usr/lib/gcc/arm-none-eabi/7.3.1/../../../arm-none-eabi/lib/thumb/v6-m/libc_nano.a(lib_a-exit.o)
                                        0x627 (size before relaxing)
 .debug_str     0x00000000000005f8       0xc9 /usr/lib/gcc/arm-none-eabi/7.3.1/../../../arm-none-eabi/lib/thumb/v6-m/libc_nano.a(lib_a-fini.o)
                                        0x1f8 (size before relaxing)
 .debug_str     0x00000000000006c1       0x9d /usr/lib/gcc/arm-none-eabi/7.3.1/../../../arm-none-eabi/lib/thumb/v6-m/libc_nano.a(lib_a-impure.o)
                                        0x5db (size before relaxing)
 .debug_str     0x000000000000075e       0x8d /usr/lib/gcc/arm-none-eabi/7.3.1/../../../arm-none-eabi/lib/thumb/v6-m/libc_nano.a(lib_a-init.o)
                                        0x222 (size before relaxing)
 .debug_str     0x00000000000007eb      0x30a /usr/lib/gcc/arm-none-eabi/7.3.1/../../../arm-none-eabi/lib/thumb/v6-m/libc_nano.a(lib_a-memset.o)
                                        0x908 (size before relaxing)
 .debug_str     0x0000000000000af5       0x7a /usr/lib/gcc/arm-none-eabi/7.3.1/../../../arm-none-eabi/lib/thumb/v6-m/libc_nano.a(lib_a-__atexit.o)
                                        0x679 (size before relaxing)
 .debug_str     0x0000000000000b6f       0x46 /usr/lib/gcc/arm-none-eabi/7.3.1/../../../arm-none-eabi/lib/thumb/v6-m/libc_nano.a(lib_a-__call_atexit.o)
                                        0x624 (size before relaxing)
 .debug_str     0x0000000000000bb5       0xfb /usr/lib/gcc/arm-none-eabi/7.3.1/../../../arm-none-eabi/lib/thumb/v6-m/libnosys.a(_exit.o)
                                        0x191 (size before relaxing)
 .debug_str     0x0000000000000cb0    0x2fa06 _build/system_nrf51.o
                                      0x2fb7e (size before relaxing)
 .debug_str     0x00000000000306b6     0x6fab _build/main.o
                                      0x36ecb (size before relaxing)
 .debug_str     0x0000000000037661      0x111 _build/app_error.o
                                      0x35277 (size before relaxing)
 .debug_str     0x0000000000037772       0x85 _build/app_error_weak.o
                                      0x351b5 (size before relaxing)
 .debug_str     0x00000000000377f7      0x589 _build/app_fifo.o
                                      0x33e3c (size before relaxing)
 .debug_str     0x0000000000037d80      0x46a _build/app_uart_fifo.o
                                      0x3683f (size before relaxing)
 .debug_str     0x00000000000381ea      0x285 _build/nrf_drv_common.o
                                      0x35ae7 (size before relaxing)
 .debug_str     0x000000000003846f      0xb16 _build/nrf_drv_uart.o
                                      0x36bbb (size before relaxing)
 .debug_str     0x0000000000038f85       0x8f /usr/lib/gcc/arm-none-eabi/7.3.1/thumb/v6-m/libgcc.a(_thumb1_case_uqi.o)
                                         0x9d (size before relaxing)
 .debug_str     0x0000000000039014       0x9d /usr/lib/gcc/arm-none-eabi/7.3.1/thumb/v6-m/libgcc.a(_udivsi3.o)
 .debug_str     0x0000000000039014       0x9d /usr/lib/gcc/arm-none-eabi/7.3.1/thumb/v6-m/libgcc.a(_dvmd_tls.o)
 .debug_str     0x0000000000039014       0xd3 /usr/lib/gcc/arm-none-eabi/7.3.1/../../../arm-none-eabi/lib/thumb/v6-m/libc_nano.a(lib_a-memcpy-stub.o)
                                        0x92d (size before relaxing)

.debug_loc      0x0000000000000000     0x29e0
 .debug_loc     0x0000000000000000       0x2c /usr/lib/gcc/arm-none-eabi/7.3.1/../../../arm-none-eabi/lib/thumb/v6-m/libc_nano.a(lib_a-atexit.o)
 .debug_loc     0x000000000000002c       0x1e /usr/lib/gcc/arm-none-eabi/7.3.1/../../../arm-none-eabi/lib/thumb/v6-m/libc_nano.a(lib_a-exit.o)
 .debug_loc     0x000000000000004a       0x3e /usr/lib/gcc/arm-none-eabi/7.3.1/../../../arm-none-eabi/lib/thumb/v6-m/libc_nano.a(lib_a-fini.o)
 .debug_loc     0x0000000000000088       0x84 /usr/lib/gcc/arm-none-eabi/7.3.1/../../../arm-none-eabi/lib/thumb/v6-m/libc_nano.a(lib_a-init.o)
 .debug_loc     0x000000000000010c      0x1a5 /usr/lib/gcc/arm-none-eabi/7.3.1/../../../arm-none-eabi/lib/thumb/v6-m/libc_nano.a(lib_a-memset.o)
 .debug_loc     0x00000000000002b1      0x192 /usr/lib/gcc/arm-none-eabi/7.3.1/../../../arm-none-eabi/lib/thumb/v6-m/libc_nano.a(lib_a-__atexit.o)
 .debug_loc     0x0000000000000443      0x1c3 /usr/lib/gcc/arm-none-eabi/7.3.1/../../../arm-none-eabi/lib/thumb/v6-m/libc_nano.a(lib_a-__call_atexit.o)
 .debug_loc     0x0000000000000606       0xb9 _build/main.o
 .debug_loc     0x00000000000006bf      0x149 _build/app_error.o
 .debug_loc     0x0000000000000808       0x21 _build/app_error_weak.o
 .debug_loc     0x0000000000000829      0x795 _build/app_fifo.o
 .debug_loc     0x0000000000000fbe      0x3ae _build/app_uart_fifo.o
 .debug_loc     0x000000000000136c       0xb0 _build/nrf_drv_common.o
 .debug_loc     0x000000000000141c     0x1289 _build/nrf_drv_uart.o
 .debug_loc     0x00000000000026a5      0x33b /usr/lib/gcc/arm-none-eabi/7.3.1/../../../arm-none-eabi/lib/thumb/v6-m/libc_nano.a(lib_a-memcpy-stub.o)

.debug_frame    0x0000000000000000      0x5c8
 .debug_frame   0x0000000000000000       0x28 /usr/lib/gcc/arm-none-eabi/7.3.1/../../../arm-none-eabi/lib/thumb/v6-m/libc_nano.a(lib_a-atexit.o)
 .debug_frame   0x0000000000000028       0x28 /usr/lib/gcc/arm-none-eabi/7.3.1/../../../arm-none-eabi/lib/thumb/v6-m/libc_nano.a(lib_a-exit.o)
 .debug_frame   0x0000000000000050       0x2c /usr/lib/gcc/arm-none-eabi/7.3.1/../../../arm-none-eabi/lib/thumb/v6-m/libc_nano.a(lib_a-fini.o)
 .debug_frame   0x000000000000007c       0x2c /usr/lib/gcc/arm-none-eabi/7.3.1/../../../arm-none-eabi/lib/thumb/v6-m/libc_nano.a(lib_a-init.o)
 .debug_frame   0x00000000000000a8       0x30 /usr/lib/gcc/arm-none-eabi/7.3.1/../../../arm-none-eabi/lib/thumb/v6-m/libc_nano.a(lib_a-memset.o)
 .debug_frame   0x00000000000000d8       0x3c /usr/lib/gcc/arm-none-eabi/7.3.1/../../../arm-none-eabi/lib/thumb/v6-m/libc_nano.a(lib_a-__atexit.o)
 .debug_frame   0x0000000000000114       0x3c /usr/lib/gcc/arm-none-eabi/7.3.1/../../../arm-none-eabi/lib/thumb/v6-m/libc_nano.a(lib_a-__call_atexit.o)
 .debug_frame   0x0000000000000150       0x20 /usr/lib/gcc/arm-none-eabi/7.3.1/../../../arm-none-eabi/lib/thumb/v6-m/libnosys.a(_exit.o)
 .debug_frame   0x0000000000000170       0x30 _build/system_nrf51.o
 .debug_frame   0x00000000000001a0       0xa8 _build/main.o
 .debug_frame   0x0000000000000248       0x5c _build/app_error.o
 .debug_frame   0x00000000000002a4       0x20 _build/app_error_weak.o
 .debug_frame   0x00000000000002c4       0xac _build/app_fifo.o
 .debug_frame   0x0000000000000370       0xb4 _build/app_uart_fifo.o
 .debug_frame   0x0000000000000424       0x2c _build/nrf_drv_common.o
 .debug_frame   0x0000000000000450      0x128 _build/nrf_drv_uart.o
 .debug_frame   0x0000000000000578       0x20 /usr/lib/gcc/arm-none-eabi/7.3.1/thumb/v6-m/libgcc.a(_udivsi3.o)
 .debug_frame   0x0000000000000598       0x30 /usr/lib/gcc/arm-none-eabi/7.3.1/../../../arm-none-eabi/lib/thumb/v6-m/libc_nano.a(lib_a-memcpy-stub.o)

.debug_ranges   0x0000000000000000      0x720
 .debug_ranges  0x0000000000000000       0x20 /usr/lib/gcc/arm-none-eabi/7.3.1/../../../arm-none-eabi/lib/thumb/v6-m/libc_nano.a(lib_a-__call_atexit.o)
 .debug_ranges  0x0000000000000020       0x68 _build/system_nrf51.o
 .debug_ranges  0x0000000000000088       0x30 _build/main.o
 .debug_ranges  0x00000000000000b8       0x20 _build/app_error.o
 .debug_ranges  0x00000000000000d8       0x10 _build/app_error_weak.o
 .debug_ranges  0x00000000000000e8       0xc0 _build/app_fifo.o
 .debug_ranges  0x00000000000001a8       0x88 _build/app_uart_fifo.o
 .debug_ranges  0x0000000000000230       0x28 _build/nrf_drv_common.o
 .debug_ranges  0x0000000000000258      0x4c8 _build/nrf_drv_uart.o

.debug_macro    0x0000000000000000     0xbf0c
 .debug_macro   0x0000000000000000       0xdf _build/system_nrf51.o
 .debug_macro   0x00000000000000df      0xa4e _build/system_nrf51.o
 .debug_macro   0x0000000000000b2d       0x22 _build/system_nrf51.o
 .debug_macro   0x0000000000000b4f       0x8e _build/system_nrf51.o
 .debug_macro   0x0000000000000bdd       0x51 _build/system_nrf51.o
 .debug_macro   0x0000000000000c2e       0xef _build/system_nrf51.o
 .debug_macro   0x0000000000000d1d       0x6a _build/system_nrf51.o
 .debug_macro   0x0000000000000d87      0x1df _build/system_nrf51.o
 .debug_macro   0x0000000000000f66       0x22 _build/system_nrf51.o
 .debug_macro   0x0000000000000f88       0x1c _build/system_nrf51.o
 .debug_macro   0x0000000000000fa4       0x22 _build/system_nrf51.o
 .debug_macro   0x0000000000000fc6       0x3a _build/system_nrf51.o
 .debug_macro   0x0000000000001000       0x26 _build/system_nrf51.o
 .debug_macro   0x0000000000001026      0x30d _build/system_nrf51.o
 .debug_macro   0x0000000000001333      0x1d2 _build/system_nrf51.o
 .debug_macro   0x0000000000001505     0x745a _build/system_nrf51.o
 .debug_macro   0x000000000000895f      0x976 _build/system_nrf51.o
 .debug_macro   0x00000000000092d5       0x1c _build/system_nrf51.o
 .debug_macro   0x00000000000092f1      0x362 _build/main.o
 .debug_macro   0x0000000000009653       0x52 _build/main.o
 .debug_macro   0x00000000000096a5       0x18 _build/main.o
 .debug_macro   0x00000000000096bd       0x35 _build/main.o
 .debug_macro   0x00000000000096f2       0x34 _build/main.o
 .debug_macro   0x0000000000009726       0x16 _build/main.o
 .debug_macro   0x000000000000973c       0x97 _build/main.o
 .debug_macro   0x00000000000097d3      0x35c _build/main.o
 .debug_macro   0x0000000000009b2f       0xf6 _build/main.o
 .debug_macro   0x0000000000009c25       0x10 _build/main.o
 .debug_macro   0x0000000000009c35       0x52 _build/main.o
 .debug_macro   0x0000000000009c87       0x1f _build/main.o
 .debug_macro   0x0000000000009ca6       0x43 _build/main.o
 .debug_macro   0x0000000000009ce9       0x20 _build/main.o
 .debug_macro   0x0000000000009d09      0x18e _build/main.o
 .debug_macro   0x0000000000009e97       0x10 _build/main.o
 .debug_macro   0x0000000000009ea7       0x1c _build/main.o
 .debug_macro   0x0000000000009ec3       0x52 _build/main.o
 .debug_macro   0x0000000000009f15       0x40 _build/main.o
 .debug_macro   0x0000000000009f55       0x10 _build/main.o
 .debug_macro   0x0000000000009f65       0x40 _build/main.o
 .debug_macro   0x0000000000009fa5       0xd7 _build/main.o
 .debug_macro   0x000000000000a07c       0x1c _build/main.o
 .debug_macro   0x000000000000a098       0x3d _build/main.o
 .debug_macro   0x000000000000a0d5       0x16 _build/main.o
 .debug_macro   0x000000000000a0eb      0x16f _build/main.o
 .debug_macro   0x000000000000a25a       0x28 _build/main.o
 .debug_macro   0x000000000000a282       0x8e _build/main.o
 .debug_macro   0x000000000000a310       0x70 _build/main.o
 .debug_macro   0x000000000000a380      0x11e _build/main.o
 .debug_macro   0x000000000000a49e       0x4c _build/main.o
 .debug_macro   0x000000000000a4ea       0x6d _build/main.o
 .debug_macro   0x000000000000a557       0xbb _build/main.o
 .debug_macro   0x000000000000a612       0x2b _build/main.o
 .debug_macro   0x000000000000a63d       0x5b _build/main.o
 .debug_macro   0x000000000000a698       0x17 _build/main.o
 .debug_macro   0x000000000000a6af      0x16a _build/main.o
 .debug_macro   0x000000000000a819      0x150 _build/main.o
 .debug_macro   0x000000000000a969      0x29b _build/app_error.o
 .debug_macro   0x000000000000ac04       0x34 _build/app_error.o
 .debug_macro   0x000000000000ac38       0x67 _build/app_error.o
 .debug_macro   0x000000000000ac9f      0x295 _build/app_error_weak.o
 .debug_macro   0x000000000000af34      0x224 _build/app_fifo.o
 .debug_macro   0x000000000000b158       0x16 _build/app_fifo.o
 .debug_macro   0x000000000000b16e      0x10e _build/app_fifo.o
 .debug_macro   0x000000000000b27c       0x86 _build/app_fifo.o
 .debug_macro   0x000000000000b302       0x16 _build/app_fifo.o
 .debug_macro   0x000000000000b318       0x29 _build/app_fifo.o
 .debug_macro   0x000000000000b341       0x16 _build/app_fifo.o
 .debug_macro   0x000000000000b357       0x35 _build/app_fifo.o
 .debug_macro   0x000000000000b38c       0x22 _build/app_fifo.o
 .debug_macro   0x000000000000b3ae       0x37 _build/app_fifo.o
 .debug_macro   0x000000000000b3e5      0x388 _build/app_uart_fifo.o
 .debug_macro   0x000000000000b76d      0x2e4 _build/nrf_drv_common.o
 .debug_macro   0x000000000000ba51      0x16d _build/nrf_drv_common.o
 .debug_macro   0x000000000000bbbe      0x32e _build/nrf_drv_uart.o
 .debug_macro   0x000000000000beec       0x10 _build/nrf_drv_uart.o
 .debug_macro   0x000000000000befc       0x10 _build/nrf_drv_uart.o
