Archive member included to satisfy reference by file (symbol)

/usr/lib/gcc/arm-none-eabi/7.3.1/../../../arm-none-eabi/lib/thumb/v6-m/libc_nano.a(lib_a-atexit.o)
                              /usr/lib/gcc/arm-none-eabi/7.3.1/../../../arm-none-eabi/lib/thumb/v6-m/crt0.o (atexit)
/usr/lib/gcc/arm-none-eabi/7.3.1/../../../arm-none-eabi/lib/thumb/v6-m/libc_nano.a(lib_a-exit.o)
                              /usr/lib/gcc/arm-none-eabi/7.3.1/../../../arm-none-eabi/lib/thumb/v6-m/crt0.o (exit)
/usr/lib/gcc/arm-none-eabi/7.3.1/../../../arm-none-eabi/lib/thumb/v6-m/libc_nano.a(lib_a-fini.o)
                              /usr/lib/gcc/arm-none-eabi/7.3.1/../../../arm-none-eabi/lib/thumb/v6-m/crt0.o (__libc_fini_array)
/usr/lib/gcc/arm-none-eabi/7.3.1/../../../arm-none-eabi/lib/thumb/v6-m/libc_nano.a(lib_a-impure.o)
                              /usr/lib/gcc/arm-none-eabi/7.3.1/../../../arm-none-eabi/lib/thumb/v6-m/libc_nano.a(lib_a-exit.o) (_global_impure_ptr)
/usr/lib/gcc/arm-none-eabi/7.3.1/../../../arm-none-eabi/lib/thumb/v6-m/libc_nano.a(lib_a-init.o)
                              /usr/lib/gcc/arm-none-eabi/7.3.1/../../../arm-none-eabi/lib/thumb/v6-m/crt0.o (__libc_init_array)
/usr/lib/gcc/arm-none-eabi/7.3.1/../../../arm-none-eabi/lib/thumb/v6-m/libc_nano.a(lib_a-memset.o)
                              /usr/lib/gcc/arm-none-eabi/7.3.1/../../../arm-none-eabi/lib/thumb/v6-m/crt0.o (memset)
/usr/lib/gcc/arm-none-eabi/7.3.1/../../../arm-none-eabi/lib/thumb/v6-m/libc_nano.a(lib_a-__atexit.o)
                              /usr/lib/gcc/arm-none-eabi/7.3.1/../../../arm-none-eabi/lib/thumb/v6-m/libc_nano.a(lib_a-atexit.o) (__register_exitproc)
/usr/lib/gcc/arm-none-eabi/7.3.1/../../../arm-none-eabi/lib/thumb/v6-m/libc_nano.a(lib_a-__call_atexit.o)
                              /usr/lib/gcc/arm-none-eabi/7.3.1/../../../arm-none-eabi/lib/thumb/v6-m/libc_nano.a(lib_a-__atexit.o) (__call_exitprocs)
/usr/lib/gcc/arm-none-eabi/7.3.1/../../../arm-none-eabi/lib/thumb/v6-m/libnosys.a(_exit.o)
                              /usr/lib/gcc/arm-none-eabi/7.3.1/../../../arm-none-eabi/lib/thumb/v6-m/libc_nano.a(lib_a-exit.o) (_exit)
/home/scott/Builds/nRF5SDK11/components/properitary_rf/gzll/gcc/gzll_gcc.a(nrf_gzll.o)
                              _build/main.o (nrf_gzll_enable)
/home/scott/Builds/nRF5SDK11/components/properitary_rf/gzll/gcc/gzll_gcc.a(nrf_impala.o)
                              /home/scott/Builds/nRF5SDK11/components/properitary_rf/gzll/gcc/gzll_gcc.a(nrf_gzll.o) (nrf_impl_disable)
/home/scott/Builds/nRF5SDK11/components/properitary_rf/gzll/gcc/gzll_gcc.a(nrf_link_core.o)
                              /home/scott/Builds/nRF5SDK11/components/properitary_rf/gzll/gcc/gzll_gcc.a(nrf_impala.o) (nrf_lcore_start_operation)
/home/scott/Builds/nRF5SDK11/components/properitary_rf/gzll/gcc/gzll_gcc.a(nrf_notification_manager.o)
                              /home/scott/Builds/nRF5SDK11/components/properitary_rf/gzll/gcc/gzll_gcc.a(nrf_impala.o) (nrf_nm_init)
/home/scott/Builds/nRF5SDK11/components/properitary_rf/gzll/gcc/gzll_gcc.a(nrf_packet_manager.o)
                              /home/scott/Builds/nRF5SDK11/components/properitary_rf/gzll/gcc/gzll_gcc.a(nrf_impala.o) (nrf_pm_init)
/home/scott/Builds/nRF5SDK11/components/properitary_rf/gzll/gcc/gzll_gcc.a(nrf_state_machine.o)
                              /home/scott/Builds/nRF5SDK11/components/properitary_rf/gzll/gcc/gzll_gcc.a(nrf_impala.o) (nrf_sm_init)
/home/scott/Builds/nRF5SDK11/components/properitary_rf/gzll/gcc/gzll_gcc.a(nrf_assert_internal.o)
                              /home/scott/Builds/nRF5SDK11/components/properitary_rf/gzll/gcc/gzll_gcc.a(nrf_gzll.o) (NRF_ASSERT_INTERNAL_parse_and_forward)
/home/scott/Builds/nRF5SDK11/components/properitary_rf/gzll/gcc/gzll_gcc.a(nrf_channel_manager.o)
                              /home/scott/Builds/nRF5SDK11/components/properitary_rf/gzll/gcc/gzll_gcc.a(nrf_impala.o) (nrf_chm_init)
/home/scott/Builds/nRF5SDK11/components/properitary_rf/gzll/gcc/gzll_gcc.a(nrf_fifo.o)
                              /home/scott/Builds/nRF5SDK11/components/properitary_rf/gzll/gcc/gzll_gcc.a(nrf_packet_manager.o) (nrf_fifo_init)
/home/scott/Builds/nRF5SDK11/components/properitary_rf/gzll/gcc/gzll_gcc.a(nrf_flywheel.o)
                              /home/scott/Builds/nRF5SDK11/components/properitary_rf/gzll/gcc/gzll_gcc.a(nrf_impala.o) (nrf_flw_init)
/usr/lib/gcc/arm-none-eabi/7.3.1/thumb/v6-m/libgcc.a(_thumb1_case_uqi.o)
                              /home/scott/Builds/nRF5SDK11/components/properitary_rf/gzll/gcc/gzll_gcc.a(nrf_gzll.o) (__gnu_thumb1_case_uqi)
/usr/lib/gcc/arm-none-eabi/7.3.1/thumb/v6-m/libgcc.a(_udivsi3.o)
                              /home/scott/Builds/nRF5SDK11/components/properitary_rf/gzll/gcc/gzll_gcc.a(nrf_channel_manager.o) (__aeabi_uidiv)
/usr/lib/gcc/arm-none-eabi/7.3.1/thumb/v6-m/libgcc.a(_dvmd_tls.o)
                              /usr/lib/gcc/arm-none-eabi/7.3.1/thumb/v6-m/libgcc.a(_udivsi3.o) (__aeabi_idiv0)
[...]
Memory Configuration

Name             Origin             Length             Attributes
FLASH            0x0000000000000000 0x0000000000040000 xr
RAM              0x0000000020000000 0x0000000000004000 xrw
*default*        0x0000000000000000 0xffffffffffffffff

Linker script and memory map


.text           0x0000000000000000     0x3dcc
 *(.isr_vector)
 .isr_vector    0x0000000000000000       0xc0 _build/gcc_startup_nrf51.o
                0x0000000000000000                __isr_vector
 *(.text*)
 .text          0x00000000000000c0       0x98 /usr/lib/gcc/arm-none-eabi/7.3.1/thumb/v6-m/crtbegin.o
 .text          0x0000000000000158       0x6c /usr/lib/gcc/arm-none-eabi/7.3.1/../../../arm-none-eabi/lib/thumb/v6-m/crt0.o
                0x0000000000000158                _mainCRTStartup
                0x0000000000000158                _start
 .text          0x00000000000001c4       0x10 /usr/lib/gcc/arm-none-eabi/7.3.1/../../../arm-none-eabi/lib/thumb/v6-m/libc_nano.a(lib_a-atexit.o)
                0x00000000000001c4                atexit
 .text          0x00000000000001d4       0x2c /usr/lib/gcc/arm-none-eabi/7.3.1/../../../arm-none-eabi/lib/thumb/v6-m/libc_nano.a(lib_a-exit.o)
                0x00000000000001d4                exit
 .text          0x0000000000000200       0x34 /usr/lib/gcc/arm-none-eabi/7.3.1/../../../arm-none-eabi/lib/thumb/v6-m/libc_nano.a(lib_a-fini.o)
                0x0000000000000200                __libc_fini_array
 .text          0x0000000000000234       0x48 /usr/lib/gcc/arm-none-eabi/7.3.1/../../../arm-none-eabi/lib/thumb/v6-m/libc_nano.a(lib_a-init.o)
                0x0000000000000234                __libc_init_array
 .text          0x000000000000027c       0x9c /usr/lib/gcc/arm-none-eabi/7.3.1/../../../arm-none-eabi/lib/thumb/v6-m/libc_nano.a(lib_a-memset.o)
                0x000000000000027c                memset
 .text          0x0000000000000318       0xdc /usr/lib/gcc/arm-none-eabi/7.3.1/../../../arm-none-eabi/lib/thumb/v6-m/libc_nano.a(lib_a-__atexit.o)
                0x0000000000000318                __register_exitproc
 .text          0x00000000000003f4       0xd4 /usr/lib/gcc/arm-none-eabi/7.3.1/../../../arm-none-eabi/lib/thumb/v6-m/libc_nano.a(lib_a-__call_atexit.o)
                0x00000000000003f4                __call_exitprocs
 .text          0x00000000000004c8        0x4 /usr/lib/gcc/arm-none-eabi/7.3.1/../../../arm-none-eabi/lib/thumb/v6-m/libnosys.a(_exit.o)
                0x00000000000004c8                _exit
 .text.SystemInit
                0x00000000000004cc       0xe4 _build/system_nrf51.o
                0x00000000000004cc                SystemInit
 .text.handler_maintenance
                0x00000000000005b0       0x20 _build/main.o
 .text.handler_debounce
                0x00000000000005d0      0x32c _build/main.o
 .text.startup.main
                0x00000000000008fc       0xf0 _build/main.o
                0x00000000000008fc                main
 .text.GPIOTE_IRQHandler
                0x00000000000009ec       0x5c _build/main.o
                0x00000000000009ec                GPIOTE_IRQHandler
 .text.nrf_gzll_device_tx_success
                0x0000000000000a48       0x20 _build/main.o
                0x0000000000000a48                nrf_gzll_device_tx_success
 .text.nrf_gzll_device_tx_failed
                0x0000000000000a68        0x8 _build/main.o
                0x0000000000000a68                nrf_gzll_device_tx_failed
 .text.nrf_gzll_host_rx_data_ready
                0x0000000000000a70        0x8 _build/main.o
                0x0000000000000a70                nrf_gzll_host_rx_data_ready
 .text.nrf_gzll_disabled
                0x0000000000000a78        0x4 _build/main.o
                0x0000000000000a78                nrf_gzll_disabled
 .text.nrf_drv_clock_init
                0x0000000000000a7c       0x38 _build/nrf_drv_clock.o
                0x0000000000000a7c                nrf_drv_clock_init
 .text.nrf_drv_clock_lfclk_request
                0x0000000000000ab4       0x60 _build/nrf_drv_clock.o
                0x0000000000000ab4                nrf_drv_clock_lfclk_request
 .text.POWER_CLOCK_IRQHandler
                0x0000000000000b14       0x78 _build/nrf_drv_clock.o
                0x0000000000000b14                POWER_CLOCK_IRQHandler
 .text.app_util_critical_region_enter
                0x0000000000000b8c       0x10 _build/app_util_platform.o
                0x0000000000000b8c                app_util_critical_region_enter
 .text.app_util_critical_region_exit
                0x0000000000000b9c       0x14 _build/app_util_platform.o
                0x0000000000000b9c                app_util_critical_region_exit
 .text.nrf_drv_common_irq_enable
                0x0000000000000bb0       0x68 _build/nrf_drv_common.o
                0x0000000000000bb0                nrf_drv_common_irq_enable
 .text.nrf_drv_rtc_init
                0x0000000000000c18       0x6c _build/nrf_drv_rtc.o
                0x0000000000000c18                nrf_drv_rtc_init
 .text.nrf_drv_rtc_enable
                0x0000000000000c84       0x18 _build/nrf_drv_rtc.o
                0x0000000000000c84                nrf_drv_rtc_enable
 .text.nrf_drv_rtc_disable
                0x0000000000000c9c       0x18 _build/nrf_drv_rtc.o
                0x0000000000000c9c                nrf_drv_rtc_disable
 .text.nrf_drv_rtc_tick_enable
                0x0000000000000cb4       0x24 _build/nrf_drv_rtc.o
                0x0000000000000cb4                nrf_drv_rtc_tick_enable
 .text.RTC0_IRQHandler
                0x0000000000000cd8       0x9c _build/nrf_drv_rtc.o
                0x0000000000000cd8                RTC0_IRQHandler
 .text.RTC1_IRQHandler
                0x0000000000000d74       0x9c _build/nrf_drv_rtc.o
                0x0000000000000d74                RTC1_IRQHandler
 .text          0x0000000000000e10       0x4c _build/gcc_startup_nrf51.o
                0x0000000000000e10                Reset_Handler
                0x0000000000000e50                NMI_Handler
                0x0000000000000e52                HardFault_Handler
                0x0000000000000e54                SVC_Handler
                0x0000000000000e56                PendSV_Handler
                0x0000000000000e58                SysTick_Handler
                0x0000000000000e5a                SPI0_TWI0_IRQHandler
                0x0000000000000e5a                LPCOMP_IRQHandler
                0x0000000000000e5a                SWI4_IRQHandler
                0x0000000000000e5a                TEMP_IRQHandler
                0x0000000000000e5a                QDEC_IRQHandler
                0x0000000000000e5a                UART0_IRQHandler
                0x0000000000000e5a                SWI5_IRQHandler
                0x0000000000000e5a                TIMER0_IRQHandler
                0x0000000000000e5a                TIMER1_IRQHandler
                0x0000000000000e5a                ECB_IRQHandler
                0x0000000000000e5a                Default_Handler
                0x0000000000000e5a                ADC_IRQHandler
                0x0000000000000e5a                SWI3_IRQHandler
                0x0000000000000e5a                CCM_AAR_IRQHandler
                0x0000000000000e5a                WDT_IRQHandler
                0x0000000000000e5a                SWI2_IRQHandler
                0x0000000000000e5a                RNG_IRQHandler
                0x0000000000000e5a                SPI1_TWI1_IRQHandler
                0x0000000000000e5a                SWI1_IRQHandler
 .text          0x0000000000000e5c      0x864 /home/scott/Builds/nRF5SDK11/components/properitary_rf/gzll/gcc/gzll_gcc.a(nrf_gzll.o)
                0x0000000000000e5c                nrf_gzll_enable
                0x0000000000000e80                nrf_gzll_is_enabled
                0x0000000000000e8c                nrf_gzll_disable
                0x0000000000000ea2                nrf_gzll_add_packet_to_tx_fifo
                0x0000000000000f28                nrf_gzll_fetch_packet_from_rx_fifo
                0x0000000000000f98                nrf_gzll_get_tx_fifo_packet_count
                0x0000000000000fb4                nrf_gzll_get_rx_fifo_packet_count
                0x0000000000000fd0                nrf_gzll_get_total_allocated_packet_count
                0x0000000000000fdc                nrf_gzll_ok_to_add_packet_to_tx_fifo
                0x0000000000001018                nrf_gzll_flush_tx_fifo
                0x000000000000104c                nrf_gzll_flush_rx_fifo
                0x000000000000106c                nrf_gzll_set_mode
                0x000000000000109c                nrf_gzll_get_mode
                0x00000000000010c8                nrf_gzll_set_channel_table
                0x0000000000001124                nrf_gzll_get_channel_table
                0x0000000000001160                nrf_gzll_get_channel_table_size
                0x000000000000116c                nrf_gzll_set_base_address_0
                0x0000000000001194                nrf_gzll_get_base_address_0
                0x000000000000119c                nrf_gzll_set_base_address_1
                0x00000000000011c4                nrf_gzll_get_base_address_1
                0x00000000000011cc                nrf_gzll_set_address_prefix_byte
                0x0000000000001200                nrf_gzll_get_address_prefix_byte
                0x0000000000001228                nrf_gzll_set_rx_pipes_enabled
                0x0000000000001250                nrf_gzll_get_rx_pipes_enabled
                0x0000000000001258                nrf_gzll_set_datarate
                0x000000000000129c                nrf_gzll_get_datarate
                0x00000000000012b4                nrf_gzll_set_tx_power
                0x000000000000130c                nrf_gzll_get_tx_power
                0x000000000000134a                nrf_gzll_set_timeslot_period
                0x0000000000001370                nrf_gzll_get_timeslot_period
                0x0000000000001378                nrf_gzll_set_sync_lifetime
                0x00000000000013a0                nrf_gzll_get_sync_lifetime
                0x00000000000013a8                nrf_gzll_set_timeslots_per_channel_when_device_out_of_sync
                0x00000000000013d0                nrf_gzll_get_timeslots_per_channel_when_device_out_of_sync
                0x00000000000013d8                nrf_gzll_set_timeslots_per_channel
                0x0000000000001400                nrf_gzll_get_timeslots_per_channel
                0x0000000000001408                nrf_gzll_set_max_tx_attempts
                0x0000000000001430                nrf_gzll_get_max_tx_attempts
                0x0000000000001438                nrf_gzll_set_device_channel_selection_policy
                0x0000000000001470                nrf_gzll_get_device_channel_selection_policy
                0x000000000000147e                nrf_gzll_set_xosc_ctl
                0x00000000000014b4                nrf_gzll_init
                0x0000000000001540                nrf_gzll_get_xosc_ctl
                0x000000000000154e                nrf_gzll_clear_tick_count
                0x000000000000155c                nrf_gzll_get_tick_count
                0x0000000000001568                nrf_gzll_set_auto_disable
                0x0000000000001580                nrf_gzll_get_error_code
                0x000000000000158c                nrf_gzll_reset_error_code
                0x0000000000001598                nrf_gzll_get_internal_debug_code
                0x00000000000015a4                nrf_gzll_reset_internal_debug_code
                0x00000000000015b0                nrf_gzll_mode_changed
                0x00000000000015b2                notification_cb
                0x00000000000016ac                nrf_assert_internal_callback
 .text          0x00000000000016c0     0x119c /home/scott/Builds/nRF5SDK11/components/properitary_rf/gzll/gcc/gzll_gcc.a(nrf_impala.o)
                0x0000000000001a88                nrf_gpio_debug_pin_write
                0x0000000000001a8a                nrf_impl_disable
                0x0000000000001ab4                nrf_impl_is_disabled
                0x0000000000001ac4                nrf_impl_get_mode
                0x0000000000001ad0                nrf_impl_reserve_packet
                0x0000000000001ae4                nrf_impl_free_packet
                0x0000000000001af8                nrf_impl_put_tx_fifo
                0x0000000000001b30                nrf_impl_pop_rx_fifo
                0x0000000000001b44                nrf_impl_read_rx_fifo
                0x0000000000001b4c                nrf_impl_read_tx_fifo
                0x0000000000001b60                nrf_impl_get_tx_fifo_status
                0x0000000000001b68                nrf_impl_get_rx_fifo_status
                0x0000000000001b70                nrf_impl_get_available_fifo_packets
                0x0000000000001b78                nrf_impl_flush_tx_fifo
                0x0000000000001bac                nrf_impl_flush_rx_fifo
                0x0000000000001bc0                nrf_impl_set_pipe_0_base_address
                0x0000000000001be0                nrf_impl_get_pipe_0_base_address
                0x0000000000001bec                nrf_impl_set_pipes_1_to_7_base_address
                0x0000000000001c08                nrf_impl_get_pipes_1_to_7_base_address
                0x0000000000001c14                nrf_impl_set_prefix_byte
                0x0000000000001c6c                nrf_impl_get_prefix_byte
                0x0000000000001c8c                nrf_impl_set_channel_table
                0x0000000000001cc0                nrf_impl_set_sync_lifetime
                0x0000000000001ccc                nrf_impl_get_sync_lifetime
                0x0000000000001cd8                nrf_impl_set_base_address_length
                0x0000000000001d00                nrf_impl_get_base_address_length
                0x0000000000001d0c                nrf_impl_set_rx_pipes_enabled
                0x0000000000001d18                nrf_impl_get_rx_pipes_enabled
                0x0000000000001d24                nrf_impl_set_timeslot_period
                0x0000000000001d30                nrf_impl_get_timeslot_period
                0x0000000000001d3c                nrf_impl_set_timeslots_per_channel_when_in_sync
                0x0000000000001d4c                nrf_impl_get_timeslots_per_channel_when_in_sync
                0x0000000000001d58                nrf_impl_set_timeslots_per_channel_when_out_of_sync
                0x0000000000001d68                nrf_impl_get_timeslots_per_channel_when_out_of_sync
                0x0000000000001d74                nrf_impl_set_max_allowed_tx_attempts
                0x0000000000001d80                nrf_impl_get_max_allowed_tx_attempts
                0x0000000000001d8c                nrf_impl_set_tx_power
                0x0000000000001da8                nrf_impl_get_tx_power
                0x0000000000001db4                nrf_impl_set_crc_length
                0x0000000000001e3c                nrf_impl_get_crc_length
                0x0000000000001e48                nrf_impl_set_datarate
                0x00000000000020d4                nrf_impl_set_mode
                0x0000000000002104                nrf_impl_enable
                0x0000000000002164                nrf_impl_init
                0x00000000000022e8                nrf_impl_get_datarate
                0x00000000000022f4                nrf_impl_enable_rssi
                0x0000000000002318                nrf_impl_set_channel_selection_policy
                0x0000000000002324                nrf_impl_get_channel_selection_policy
                0x0000000000002330                nrf_impl_set_idle_activity_config
                0x000000000000233c                nrf_impl_get_idle_activity_config
                0x0000000000002348                nrf_impl_set_xosc_ctl
                0x0000000000002354                nrf_impl_get_xosc_ctl
                0x0000000000002360                nrf_impl_set_dyn_ack_enable
                0x0000000000002368                nrf_impl_state_fun_device_send_packet
                0x00000000000023ac                async_state_rx_active
                0x00000000000023e0                async_state_rx_enabling
                0x0000000000002468                async_state_tx_ack_complete
                0x000000000000247c                async_state_packet_received
                0x000000000000261c                nrf_impl_state_fun_timeslot_start
 .text          0x000000000000285c      0x600 /home/scott/Builds/nRF5SDK11/components/properitary_rf/gzll/gcc/gzll_gcc.a(nrf_link_core.o)
                0x0000000000002a30                nrf_lcore_start_operation
                0x0000000000002ad8                nrf_lcore_rx_address_match
                0x0000000000002ae8                nrf_lcore_force_disable
                0x0000000000002b58                nrf_lcore_init
                0x0000000000002bb0                RADIO_IRQHandler
                0x0000000000002d58                TESTONLY_current_state_is_legal
                0x0000000000002d7c                nrf_lcore_prepare_operation
                0x0000000000002e58                print_lc_debug_info
 .text          0x0000000000002e5c      0x108 /home/scott/Builds/nRF5SDK11/components/properitary_rf/gzll/gcc/gzll_gcc.a(nrf_notification_manager.o)
                0x0000000000002e5c                nrf_nm_init
                0x0000000000002e90                nrf_nm_add
                0x0000000000002ef4                nrf_nm_get_remaining_space_in_notification_queue
                0x0000000000002f08                SWI0_IRQHandler
 .text          0x0000000000002f64      0x4d4 /home/scott/Builds/nRF5SDK11/components/properitary_rf/gzll/gcc/gzll_gcc.a(nrf_packet_manager.o)
                0x0000000000002f98                nrf_pm_init
                0x0000000000002ff4                nrf_pm_get_ack_payload_pending
                0x0000000000003000                nrf_pm_there_is_ptx_packet_to_be_serviced
                0x000000000000300c                nrf_pm_get_current_ptx_pipe
                0x0000000000003018                nrf_pm_get_current_ptx_packet
                0x0000000000003024                nrf_pm_get_current_ptx_ack_ptr
                0x0000000000003030                nrf_pm_start_prx
                0x000000000000307c                nrf_pm_search_for_ptx_pipe_to_service
                0x00000000000030fc                nrf_pm_end_prx
                0x0000000000003234                nrf_pm_end_ptx
                0x00000000000032cc                nrf_pm_get_state
                0x00000000000032d8                nrf_pm_put_tx_fifo
                0x00000000000032fe                nrf_pm_read_tx_fifo
                0x0000000000003306                nrf_pm_flush_tx_fifo
                0x0000000000003316                nrf_pm_get_tx_fifo_status
                0x000000000000331e                nrf_pm_read_rx_fifo
                0x0000000000003328                nrf_pm_pop_rx_fifo
                0x0000000000003332                nrf_pm_flush_rx_fifo
                0x000000000000333c                nrf_pm_get_rx_fifo_status
                0x0000000000003346                nrf_pm_start_ptx
                0x0000000000003404                nrf_pm_reserve_packet
                0x000000000000340c                nrf_pm_free_packet
                0x0000000000003414                nrf_pm_get_available_fifo_packets
                0x000000000000341c                nrf_pm_set_dyn_ack_status
                0x0000000000003428                nrf_pm_get_dyn_ack_status
                0x0000000000003434                pm_tx_pipe_to_nrf_fifo_pipe
 .text          0x0000000000003438       0x70 /home/scott/Builds/nRF5SDK11/components/properitary_rf/gzll/gcc/gzll_gcc.a(nrf_state_machine.o)
                0x0000000000003438                nrf_sm_init
                0x0000000000003448                nrf_sm_set_next_state
                0x0000000000003464                nrf_sm_get_current_state
                0x0000000000003470                nrf_sm_get_prev_state
                0x000000000000347c                nrf_sm_get_next_state
                0x0000000000003488                nrf_sm_execute
 .text          0x00000000000034a8        0x8 /home/scott/Builds/nRF5SDK11/components/properitary_rf/gzll/gcc/gzll_gcc.a(nrf_assert_internal.o)
                0x00000000000034a8                NRF_ASSERT_INTERNAL_parse_and_forward
 .text          0x00000000000034b0      0x20c /home/scott/Builds/nRF5SDK11/components/properitary_rf/gzll/gcc/gzll_gcc.a(nrf_channel_manager.o)
                0x00000000000034b0                nrf_chm_init
                0x00000000000034d0                nrf_chm_execute_single_tick
                0x00000000000034fc                nrf_chm_execute_ticks
                0x0000000000003560                nrf_chm_ticks_until_channel_switch
                0x0000000000003570                nrf_chm_ticks_until_desired_channel
                0x00000000000035b0                nrf_chm_ticks_until_current_timeslot_in_range
                0x00000000000035f4                nrf_chm_ticks_until_current_timeslot_in_range_on_desired_channel
                0x0000000000003634                nrf_chm_get_current_channel
                0x000000000000365c                nrf_chm_set_current_channel_index
                0x0000000000003680                nrf_chm_get_current_channel_index
                0x000000000000368c                nrf_chm_set_current_timeslot
                0x00000000000036b0                nrf_chm_get_current_timeslot
 .text          0x00000000000036bc      0x294 /home/scott/Builds/nRF5SDK11/components/properitary_rf/gzll/gcc/gzll_gcc.a(nrf_fifo.o)
                0x000000000000370c                nrf_fifo_init
                0x0000000000003760                nrf_fifo_reserve_packet
                0x000000000000379c                nrf_fifo_free_packet
                0x00000000000037f8                nrf_fifo_put_packet
                0x0000000000003864                nrf_fifo_pop_packet
                0x00000000000038b4                nrf_fifo_read_packet
                0x00000000000038e8                nrf_fifo_get_packet_count
                0x0000000000003908                nrf_fifo_get_available_packet_count
                0x0000000000003914                nrf_fifo_flush
 .text          0x0000000000003950      0x258 /home/scott/Builds/nRF5SDK11/components/properitary_rf/gzll/gcc/gzll_gcc.a(nrf_flywheel.o)
                0x0000000000003950                nrf_flw_init
                0x00000000000039c8                nrf_flw_start
                0x00000000000039e0                nrf_flw_stop
                0x0000000000003a18                nrf_flw_get_runstate
                0x0000000000003a24                nrf_flw_task_is_delayed
                0x0000000000003a30                NRF_flw_prepare_call
                0x0000000000003b2c                nrf_flw_get_ext_capture_task
                0x0000000000003b34                nrf_flw_get_flw_call_event
                0x0000000000003b3c                TIMER2_IRQHandler
 .text          0x0000000000003ba8       0x14 /usr/lib/gcc/arm-none-eabi/7.3.1/thumb/v6-m/libgcc.a(_thumb1_case_uqi.o)
                0x0000000000003ba8                __gnu_thumb1_case_uqi
 .text          0x0000000000003bbc      0x114 /usr/lib/gcc/arm-none-eabi/7.3.1/thumb/v6-m/libgcc.a(_udivsi3.o)
                0x0000000000003bbc                __udivsi3
                0x0000000000003bbc                __aeabi_uidiv
                0x0000000000003cc8                __aeabi_uidivmod
 .text          0x0000000000003cd0        0x4 /usr/lib/gcc/arm-none-eabi/7.3.1/thumb/v6-m/libgcc.a(_dvmd_tls.o)
                0x0000000000003cd0                __aeabi_ldiv0
                0x0000000000003cd0                __aeabi_idiv0
 .text          0x0000000000003cd4       0x88 /usr/lib/gcc/arm-none-eabi/7.3.1/../../../arm-none-eabi/lib/thumb/v6-m/libc_nano.a(lib_a-memcpy-stub.o)
                0x0000000000003cd4                memcpy
 *(.init)
 .init          0x0000000000003d5c        0x4 /usr/lib/gcc/arm-none-eabi/7.3.1/thumb/v6-m/crti.o
                0x0000000000003d5c                _init
 .init          0x0000000000003d60        0x8 /usr/lib/gcc/arm-none-eabi/7.3.1/thumb/v6-m/crtn.o
 *(.fini)
 .fini          0x0000000000003d68        0x4 /usr/lib/gcc/arm-none-eabi/7.3.1/thumb/v6-m/crti.o
                0x0000000000003d68                _fini
 .fini          0x0000000000003d6c        0x8 /usr/lib/gcc/arm-none-eabi/7.3.1/thumb/v6-m/crtn.o
 *crtbegin.o(.ctors)
 *crtbegin?.o(.ctors)
 *(EXCLUDE_FILE(*crtend.o *crtend?.o) .ctors)
 *(SORT_BY_NAME(.ctors.*))
 *(.ctors)
 *crtbegin.o(.dtors)
 *crtbegin?.o(.dtors)
 *(EXCLUDE_FILE(*crtend.o *crtend?.o) .dtors)
 *(SORT_BY_NAME(.dtors.*))
 *(.dtors)
 *(.rodata*)
 .rodata        0x0000000000003d74        0x4 /usr/lib/gcc/arm-none-eabi/7.3.1/../../../arm-none-eabi/lib/thumb/v6-m/libc_nano.a(lib_a-impure.o)
                0x0000000000003d74                _global_impure_ptr
 .rodata.rtc_deb
                0x0000000000003d78        0x8 _build/main.o
                0x0000000000003d78                rtc_deb
 .rodata.rtc_maint
                0x0000000000003d80        0x8 _build/main.o
                0x0000000000003d80                rtc_maint
 .rodata.m_default_config
                0x0000000000003d88        0xc _build/nrf_drv_rtc.o
 .rodata        0x0000000000003d94        0x2 /home/scott/Builds/nRF5SDK11/components/properitary_rf/gzll/gcc/gzll_gcc.a(nrf_gzll.o)
 *fill*         0x0000000000003d96        0x2 
 .rodata        0x0000000000003d98       0x30 /home/scott/Builds/nRF5SDK11/components/properitary_rf/gzll/gcc/gzll_gcc.a(nrf_link_core.o)
 *(.eh_frame*)
 .eh_frame      0x0000000000003dc8        0x0 /usr/lib/gcc/arm-none-eabi/7.3.1/thumb/v6-m/crtbegin.o
 .eh_frame      0x0000000000003dc8        0x4 /usr/lib/gcc/arm-none-eabi/7.3.1/thumb/v6-m/crtend.o

.glue_7         0x0000000000003dcc        0x0
 .glue_7        0x0000000000003dcc        0x0 linker stubs

.glue_7t        0x0000000000003dcc        0x0
 .glue_7t       0x0000000000003dcc        0x0 linker stubs

.vfp11_veneer   0x0000000000003dcc        0x0
 .vfp11_veneer  0x0000000000003dcc        0x0 linker stubs

.v4_bx          0x0000000000003dcc        0x0
 .v4_bx         0x0000000000003dcc        0x0 linker stubs

.iplt           0x0000000000003dcc        0x0
 .iplt          0x0000000000003dcc        0x0 /usr/lib/gcc/arm-none-eabi/7.3.1/thumb/v6-m/crtbegin.o

.ARM.extab
 *(.ARM.extab* .gnu.linkonce.armextab.*)
                0x0000000000003dcc                __exidx_start = .

.ARM.exidx      0x0000000000003dcc        0x8
 *(.ARM.exidx* .gnu.linkonce.armexidx.*)
 .ARM.exidx     0x0000000000003dcc        0x8 /usr/lib/gcc/arm-none-eabi/7.3.1/../../../arm-none-eabi/lib/thumb/v6-m/crt0.o
                0x0000000000003dd4                __exidx_end = .
                0x0000000000003dd4                __etext = .

.rel.dyn        0x0000000000003dd4        0x0
 .rel.iplt      0x0000000000003dd4        0x0 /usr/lib/gcc/arm-none-eabi/7.3.1/thumb/v6-m/crtbegin.o

.data           0x0000000020000000       0x88 load address 0x0000000000003dd4
                0x0000000020000000                __data_start__ = .
 *(vtable)
 *(.data*)
 .data          0x0000000020000000       0x64 /usr/lib/gcc/arm-none-eabi/7.3.1/../../../arm-none-eabi/lib/thumb/v6-m/libc_nano.a(lib_a-impure.o)
                0x0000000020000000                _impure_ptr
 .data          0x0000000020000064       0x14 /home/scott/Builds/nRF5SDK11/components/properitary_rf/gzll/gcc/gzll_gcc.a(nrf_gzll.o)
 .data          0x0000000020000078        0x8 /home/scott/Builds/nRF5SDK11/components/properitary_rf/gzll/gcc/gzll_gcc.a(nrf_state_machine.o)
                0x0000000020000078                state_functions
                0x0000000020000080                . = ALIGN (0x4)
                0x0000000020000080                PROVIDE (__preinit_array_start = .)
 *(.preinit_array)
                0x0000000020000080                PROVIDE (__preinit_array_end = .)
                0x0000000020000080                . = ALIGN (0x4)
                0x0000000020000080                PROVIDE (__init_array_start = .)
 *(SORT_BY_NAME(.init_array.*))
 *(.init_array)
 .init_array    0x0000000020000080        0x4 /usr/lib/gcc/arm-none-eabi/7.3.1/thumb/v6-m/crtbegin.o
                0x0000000020000084                PROVIDE (__init_array_end = .)
                0x0000000020000084                . = ALIGN (0x4)
                0x0000000020000084                PROVIDE (__fini_array_start = .)
 *(SORT_BY_NAME(.fini_array.*))
 *(.fini_array)
 .fini_array    0x0000000020000084        0x4 /usr/lib/gcc/arm-none-eabi/7.3.1/thumb/v6-m/crtbegin.o
                0x0000000020000088                PROVIDE (__fini_array_end = .)
 *(.jcr*)
                0x0000000020000088                . = ALIGN (0x4)
                0x0000000020000088                __data_end__ = .
LOAD /usr/lib/gcc/arm-none-eabi/7.3.1/thumb/v6-m/crti.o
LOAD /usr/lib/gcc/arm-none-eabi/7.3.1/thumb/v6-m/crtbegin.o
LOAD /usr/lib/gcc/arm-none-eabi/7.3.1/../../../arm-none-eabi/lib/thumb/v6-m/crt0.o
LOAD /usr/lib/gcc/arm-none-eabi/7.3.1/../../../arm-none-eabi/lib/thumb/v6-m/libc_nano.a
LOAD /usr/lib/gcc/arm-none-eabi/7.3.1/../../../arm-none-eabi/lib/thumb/v6-m/libnosys.a
LOAD _build/system_nrf51.o
LOAD _build/main.o
LOAD _build/nrf_delay.o
LOAD _build/nrf_drv_clock.o
LOAD _build/app_util_platform.o
LOAD _build/nrf_drv_common.o
LOAD _build/nrf_drv_rtc.o
LOAD _build/gcc_startup_nrf51.o
LOAD /home/scott/Builds/nRF5SDK11/components/properitary_rf/gzll/gcc/gzll_gcc.a
LOAD /usr/lib/gcc/arm-none-eabi/7.3.1/../../../arm-none-eabi/lib/thumb/v6-m/libm.a
START GROUP
LOAD /usr/lib/gcc/arm-none-eabi/7.3.1/thumb/v6-m/libgcc.a
LOAD /usr/lib/gcc/arm-none-eabi/7.3.1/../../../arm-none-eabi/lib/thumb/v6-m/libc_nano.a
END GROUP
START GROUP
LOAD /usr/lib/gcc/arm-none-eabi/7.3.1/thumb/v6-m/libgcc.a
LOAD /usr/lib/gcc/arm-none-eabi/7.3.1/../../../arm-none-eabi/lib/thumb/v6-m/libc_nano.a
END GROUP
LOAD /usr/lib/gcc/arm-none-eabi/7.3.1/thumb/v6-m/crtend.o
LOAD /usr/lib/gcc/arm-none-eabi/7.3.1/thumb/v6-m/crtn.o
START GROUP
LOAD /usr/lib/gcc/arm-none-eabi/7.3.1/thumb/v6-m/libgcc.a
LOAD /usr/lib/gcc/arm-none-eabi/7.3.1/../../../arm-none-eabi/lib/thumb/v6-m/libc.a
LOAD /usr/lib/gcc/arm-none-eabi/7.3.1/../../../arm-none-eabi/lib/thumb/v6-m/libnosys.a
END GROUP

.tm_clone_table
                0x0000000020000088        0x0 load address 0x0000000000003e5c
 .tm_clone_table
                0x0000000020000088        0x0 /usr/lib/gcc/arm-none-eabi/7.3.1/thumb/v6-m/crtbegin.o
 .tm_clone_table
                0x0000000020000088        0x0 /usr/lib/gcc/arm-none-eabi/7.3.1/thumb/v6-m/crtend.o

.igot.plt       0x0000000020000088        0x0 load address 0x0000000000003e5c
 .igot.plt      0x0000000020000088        0x0 /usr/lib/gcc/arm-none-eabi/7.3.1/thumb/v6-m/crtbegin.o

.fs_data        0x0000000020000088        0x0
                [!provide]                        PROVIDE (__start_fs_data = .)
 *(.fs_data)
                [!provide]                        PROVIDE (__stop_fs_data = .)

.bss            0x0000000020000088      0x4f8 load address 0x0000000000003e5c
                0x0000000020000088                . = ALIGN (0x4)
                0x0000000020000088                __bss_start__ = .
 *(.bss*)
 .bss           0x0000000020000088       0x1c /usr/lib/gcc/arm-none-eabi/7.3.1/thumb/v6-m/crtbegin.o
 .bss           0x00000000200000a4       0x8c /usr/lib/gcc/arm-none-eabi/7.3.1/../../../arm-none-eabi/lib/thumb/v6-m/libc_nano.a(lib_a-__atexit.o)
 .bss           0x0000000020000130        0x4 /usr/lib/gcc/arm-none-eabi/7.3.1/../../../arm-none-eabi/lib/thumb/v6-m/libc_nano.a(lib_a-__call_atexit.o)
                0x0000000020000130                _global_atexit
 .bss.ack_payload
                0x0000000020000134       0x20 _build/main.o
 .bss.activity_ticks
                0x0000000020000154        0x4 _build/main.o
 .bss.data_payload
                0x0000000020000158        0x5 _build/main.o
 *fill*         0x000000002000015d        0x3 
 .bss.debounce_ticks
                0x0000000020000160        0x4 _build/main.o
 .bss.debouncing
                0x0000000020000164        0x1 _build/main.o
 *fill*         0x0000000020000165        0x3 
 .bss.keys      0x0000000020000168        0x5 _build/main.o
 *fill*         0x000000002000016d        0x3 
 .bss.keys_buffer
                0x0000000020000170        0x5 _build/main.o
 *fill*         0x0000000020000175        0x3 
 .bss.keys_snapshot
                0x0000000020000178        0x5 _build/main.o
 *fill*         0x000000002000017d        0x3 
 .bss.m_clock_cb
                0x0000000020000180       0x14 _build/nrf_drv_clock.o
 .bss.m_in_critical_region
                0x0000000020000194        0x4 _build/app_util_platform.o
 .bss.m_cb      0x0000000020000198        0x6 _build/nrf_drv_rtc.o
 *fill*         0x000000002000019e        0x2 
 .bss.m_handlers
                0x00000000200001a0        0x8 _build/nrf_drv_rtc.o
 .bss           0x00000000200001a8       0x18 /home/scott/Builds/nRF5SDK11/components/properitary_rf/gzll/gcc/gzll_gcc.a(nrf_gzll.o)
                0x00000000200001bc                assert_count
 .bss           0x00000000200001c0       0x10 /home/scott/Builds/nRF5SDK11/components/properitary_rf/gzll/gcc/gzll_gcc.a(nrf_impala.o)
 .bss           0x00000000200001d0        0x4 /home/scott/Builds/nRF5SDK11/components/properitary_rf/gzll/gcc/gzll_gcc.a(nrf_link_core.o)
 .bss           0x00000000200001d4        0xc /home/scott/Builds/nRF5SDK11/components/properitary_rf/gzll/gcc/gzll_gcc.a(nrf_channel_manager.o)
 .bss           0x00000000200001e0        0x8 /home/scott/Builds/nRF5SDK11/components/properitary_rf/gzll/gcc/gzll_gcc.a(nrf_flywheel.o)
 *(COMMON)
 COMMON         0x00000000200001e8        0x1 /home/scott/Builds/nRF5SDK11/components/properitary_rf/gzll/gcc/gzll_gcc.a(nrf_gzll.o)
                0x00000000200001e8                nrf_gzll_error_code
 *fill*         0x00000000200001e9        0x3 
 COMMON         0x00000000200001ec       0x6c /home/scott/Builds/nRF5SDK11/components/properitary_rf/gzll/gcc/gzll_gcc.a(nrf_impala.o)
                0x00000000200001ec                nrf_impl_status
                0x0000000020000208                lcore_config
                0x0000000020000220                impl_async_state
                0x0000000020000224                impl_internal_params
 COMMON         0x0000000020000258       0x24 /home/scott/Builds/nRF5SDK11/components/properitary_rf/gzll/gcc/gzll_gcc.a(nrf_link_core.o)
                0x0000000020000258                nrf_lcore_status
 COMMON         0x000000002000027c       0x88 /home/scott/Builds/nRF5SDK11/components/properitary_rf/gzll/gcc/gzll_gcc.a(nrf_notification_manager.o)
                0x000000002000027c                nm_status
 COMMON         0x0000000020000304       0x9c /home/scott/Builds/nRF5SDK11/components/properitary_rf/gzll/gcc/gzll_gcc.a(nrf_packet_manager.o)
                0x0000000020000304                pm_status
                0x0000000020000398                nrf_pm_ack_payload_pending
 COMMON         0x00000000200003a0        0x3 /home/scott/Builds/nRF5SDK11/components/properitary_rf/gzll/gcc/gzll_gcc.a(nrf_state_machine.o)
                0x00000000200003a0                sm_status
 *fill*         0x00000000200003a3        0x1 
 COMMON         0x00000000200003a4      0x1d8 /home/scott/Builds/nRF5SDK11/components/properitary_rf/gzll/gcc/gzll_gcc.a(nrf_fifo.o)
                0x00000000200003a4                available_packet_count
                0x00000000200003a8                available_packets
                0x00000000200003c0                pipe_status
                0x00000000200003f0                fifo_contents
                0x00000000200004b0                packet_pool
 COMMON         0x000000002000057c        0x1 /home/scott/Builds/nRF5SDK11/components/properitary_rf/gzll/gcc/gzll_gcc.a(nrf_flywheel.o)
                0x000000002000057c                runstate
                0x0000000020000580                . = ALIGN (0x4)
 *fill*         0x000000002000057d        0x3 
                0x0000000020000580                __bss_end__ = .

.heap           0x0000000020000580      0x800
                0x0000000020000580                __end__ = .
                [!provide]                        PROVIDE (end = .)
 *(.heap*)
 .heap          0x0000000020000580      0x800 _build/gcc_startup_nrf51.o
                0x0000000020000580                __HeapBase
                0x0000000020000d80                __HeapLimit = .

.stack_dummy    0x0000000020000580      0x800
 *(.stack*)
 .stack         0x0000000020000580      0x800 _build/gcc_startup_nrf51.o
                0x0000000020004000                __StackTop = (ORIGIN (RAM) + LENGTH (RAM))
                0x0000000020003800                __StackLimit = (__StackTop - SIZEOF (.stack_dummy))
                0x0000000020004000                PROVIDE (__stack = __StackTop)
                0x0000000000000001                ASSERT ((__StackLimit >= __HeapLimit), region RAM overflowed with stack)
OUTPUT(_build/nrf51822_xxac.out elf32-littlearm)

.ARM.attributes
                0x0000000000000000       0x28
 .ARM.attributes
                0x0000000000000000       0x1e /usr/lib/gcc/arm-none-eabi/7.3.1/thumb/v6-m/crti.o
 .ARM.attributes
                0x000000000000001e       0x2c /usr/lib/gcc/arm-none-eabi/7.3.1/thumb/v6-m/crtbegin.o
 .ARM.attributes
                0x000000000000004a       0x1b /usr/lib/gcc/arm-none-eabi/7.3.1/../../../arm-none-eabi/lib/thumb/v6-m/crt0.o
 .ARM.attributes
                0x0000000000000065       0x2c /usr/lib/gcc/arm-none-eabi/7.3.1/../../../arm-none-eabi/lib/thumb/v6-m/libc_nano.a(lib_a-atexit.o)
 .ARM.attributes
                0x0000000000000091       0x2c /usr/lib/gcc/arm-none-eabi/7.3.1/../../../arm-none-eabi/lib/thumb/v6-m/libc_nano.a(lib_a-exit.o)
 .ARM.attributes
                0x00000000000000bd       0x2c /usr/lib/gcc/arm-none-eabi/7.3.1/../../../arm-none-eabi/lib/thumb/v6-m/libc_nano.a(lib_a-fini.o)
 .ARM.attributes
                0x00000000000000e9       0x2c /usr/lib/gcc/arm-none-eabi/7.3.1/../../../arm-none-eabi/lib/thumb/v6-m/libc_nano.a(lib_a-impure.o)
 .ARM.attributes
                0x0000000000000115       0x2c /usr/lib/gcc/arm-none-eabi/7.3.1/../../../arm-none-eabi/lib/thumb/v6-m/libc_nano.a(lib_a-init.o)
 .ARM.attributes
                0x0000000000000141       0x2c /usr/lib/gcc/arm-none-eabi/7.3.1/../../../arm-none-eabi/lib/thumb/v6-m/libc_nano.a(lib_a-memset.o)
 .ARM.attributes
                0x000000000000016d       0x2c /usr/lib/gcc/arm-none-eabi/7.3.1/../../../arm-none-eabi/lib/thumb/v6-m/libc_nano.a(lib_a-__atexit.o)
 .ARM.attributes
                0x0000000000000199       0x2c /usr/lib/gcc/arm-none-eabi/7.3.1/../../../arm-none-eabi/lib/thumb/v6-m/libc_nano.a(lib_a-__call_atexit.o)
 .ARM.attributes
                0x00000000000001c5       0x2c /usr/lib/gcc/arm-none-eabi/7.3.1/../../../arm-none-eabi/lib/thumb/v6-m/libnosys.a(_exit.o)
 .ARM.attributes
                0x00000000000001f1       0x31 _build/system_nrf51.o
 .ARM.attributes
                0x0000000000000222       0x31 _build/main.o
 .ARM.attributes
                0x0000000000000253       0x31 _build/nrf_drv_clock.o
 .ARM.attributes
                0x0000000000000284       0x31 _build/app_util_platform.o
 .ARM.attributes
                0x00000000000002b5       0x31 _build/nrf_drv_common.o
 .ARM.attributes
                0x00000000000002e6       0x31 _build/nrf_drv_rtc.o
 .ARM.attributes
                0x0000000000000317       0x1b _build/gcc_startup_nrf51.o
 .ARM.attributes
                0x0000000000000332       0x31 /home/scott/Builds/nRF5SDK11/components/properitary_rf/gzll/gcc/gzll_gcc.a(nrf_gzll.o)
 .ARM.attributes
                0x0000000000000363       0x31 /home/scott/Builds/nRF5SDK11/components/properitary_rf/gzll/gcc/gzll_gcc.a(nrf_impala.o)
 .ARM.attributes
                0x0000000000000394       0x31 /home/scott/Builds/nRF5SDK11/components/properitary_rf/gzll/gcc/gzll_gcc.a(nrf_link_core.o)
 .ARM.attributes
                0x00000000000003c5       0x31 /home/scott/Builds/nRF5SDK11/components/properitary_rf/gzll/gcc/gzll_gcc.a(nrf_notification_manager.o)
 .ARM.attributes
                0x00000000000003f6       0x31 /home/scott/Builds/nRF5SDK11/components/properitary_rf/gzll/gcc/gzll_gcc.a(nrf_packet_manager.o)
 .ARM.attributes
                0x0000000000000427       0x31 /home/scott/Builds/nRF5SDK11/components/properitary_rf/gzll/gcc/gzll_gcc.a(nrf_state_machine.o)
 .ARM.attributes
                0x0000000000000458       0x31 /home/scott/Builds/nRF5SDK11/components/properitary_rf/gzll/gcc/gzll_gcc.a(nrf_assert_internal.o)
 .ARM.attributes
                0x0000000000000489       0x31 /home/scott/Builds/nRF5SDK11/components/properitary_rf/gzll/gcc/gzll_gcc.a(nrf_channel_manager.o)
 .ARM.attributes
                0x00000000000004ba       0x31 /home/scott/Builds/nRF5SDK11/components/properitary_rf/gzll/gcc/gzll_gcc.a(nrf_fifo.o)
 .ARM.attributes
                0x00000000000004eb       0x31 /home/scott/Builds/nRF5SDK11/components/properitary_rf/gzll/gcc/gzll_gcc.a(nrf_flywheel.o)
 .ARM.attributes
                0x000000000000051c       0x1e /usr/lib/gcc/arm-none-eabi/7.3.1/thumb/v6-m/libgcc.a(_thumb1_case_uqi.o)
 .ARM.attributes
                0x000000000000053a       0x1e /usr/lib/gcc/arm-none-eabi/7.3.1/thumb/v6-m/libgcc.a(_udivsi3.o)
 .ARM.attributes
                0x0000000000000558       0x1e /usr/lib/gcc/arm-none-eabi/7.3.1/thumb/v6-m/libgcc.a(_dvmd_tls.o)
 .ARM.attributes
                0x0000000000000576       0x2c /usr/lib/gcc/arm-none-eabi/7.3.1/../../../arm-none-eabi/lib/thumb/v6-m/libc_nano.a(lib_a-memcpy-stub.o)
 .ARM.attributes
                0x00000000000005a2       0x2c /usr/lib/gcc/arm-none-eabi/7.3.1/thumb/v6-m/crtend.o
 .ARM.attributes
                0x00000000000005ce       0x1e /usr/lib/gcc/arm-none-eabi/7.3.1/thumb/v6-m/crtn.o

.comment        0x0000000000000000      0x11e
 .comment       0x0000000000000000       0x57 /usr/lib/gcc/arm-none-eabi/7.3.1/thumb/v6-m/crtbegin.o
                                         0x58 (size before relaxing)
 .comment       0x0000000000000057       0x57 /usr/lib/gcc/arm-none-eabi/7.3.1/../../../arm-none-eabi/lib/thumb/v6-m/libc_nano.a(lib_a-atexit.o)
                                         0x58 (size before relaxing)
 .comment       0x00000000000000ae       0x58 /usr/lib/gcc/arm-none-eabi/7.3.1/../../../arm-none-eabi/lib/thumb/v6-m/libc_nano.a(lib_a-exit.o)
 .comment       0x00000000000000ae       0x58 /usr/lib/gcc/arm-none-eabi/7.3.1/../../../arm-none-eabi/lib/thumb/v6-m/libc_nano.a(lib_a-fini.o)
 .comment       0x00000000000000ae       0x58 /usr/lib/gcc/arm-none-eabi/7.3.1/../../../arm-none-eabi/lib/thumb/v6-m/libc_nano.a(lib_a-impure.o)
 .comment       0x00000000000000ae       0x58 /usr/lib/gcc/arm-none-eabi/7.3.1/../../../arm-none-eabi/lib/thumb/v6-m/libc_nano.a(lib_a-init.o)
 .comment       0x00000000000000ae       0x58 /usr/lib/gcc/arm-none-eabi/7.3.1/../../../arm-none-eabi/lib/thumb/v6-m/libc_nano.a(lib_a-memset.o)
 .comment       0x00000000000000ae       0x58 /usr/lib/gcc/arm-none-eabi/7.3.1/../../../arm-none-eabi/lib/thumb/v6-m/libc_nano.a(lib_a-__atexit.o)
 .comment       0x00000000000000ae       0x58 /usr/lib/gcc/arm-none-eabi/7.3.1/../../../arm-none-eabi/lib/thumb/v6-m/libc_nano.a(lib_a-__call_atexit.o)
 .comment       0x00000000000000ae       0x58 /usr/lib/gcc/arm-none-eabi/7.3.1/../../../arm-none-eabi/lib/thumb/v6-m/libnosys.a(_exit.o)
 .comment       0x00000000000000ae       0x58 _build/system_nrf51.o
 .comment       0x00000000000000ae       0x58 _build/main.o
 .comment       0x00000000000000ae       0x58 _build/nrf_drv_clock.o
 .comment       0x00000000000000ae       0x58 _build/app_util_platform.o
 .comment       0x00000000000000ae       0x58 _build/nrf_drv_common.o
 .comment       0x00000000000000ae       0x58 _build/nrf_drv_rtc.o
 .comment       0x00000000000000ae       0x70 /home/scott/Builds/nRF5SDK11/components/properitary_rf/gzll/gcc/gzll_gcc.a(nrf_gzll.o)
                                         0x71 (size before relaxing)
 .comment       0x000000000000011e       0x71 /home/scott/Builds/nRF5SDK11/components/properitary_rf/gzll/gcc/gzll_gcc.a(nrf_impala.o)
 .comment       0x000000000000011e       0x71 /home/scott/Builds/nRF5SDK11/components/properitary_rf/gzll/gcc/gzll_gcc.a(nrf_link_core.o)
 .comment       0x000000000000011e       0x71 /home/scott/Builds/nRF5SDK11/components/properitary_rf/gzll/gcc/gzll_gcc.a(nrf_notification_manager.o)
 .comment       0x000000000000011e       0x71 /home/scott/Builds/nRF5SDK11/components/properitary_rf/gzll/gcc/gzll_gcc.a(nrf_packet_manager.o)
 .comment       0x000000000000011e       0x71 /home/scott/Builds/nRF5SDK11/components/properitary_rf/gzll/gcc/gzll_gcc.a(nrf_state_machine.o)
 .comment       0x000000000000011e       0x71 /home/scott/Builds/nRF5SDK11/components/properitary_rf/gzll/gcc/gzll_gcc.a(nrf_assert_internal.o)
 .comment       0x000000000000011e       0x71 /home/scott/Builds/nRF5SDK11/components/properitary_rf/gzll/gcc/gzll_gcc.a(nrf_channel_manager.o)
 .comment       0x000000000000011e       0x71 /home/scott/Builds/nRF5SDK11/components/properitary_rf/gzll/gcc/gzll_gcc.a(nrf_fifo.o)
 .comment       0x000000000000011e       0x71 /home/scott/Builds/nRF5SDK11/components/properitary_rf/gzll/gcc/gzll_gcc.a(nrf_flywheel.o)
 .comment       0x000000000000011e       0x58 /usr/lib/gcc/arm-none-eabi/7.3.1/../../../arm-none-eabi/lib/thumb/v6-m/libc_nano.a(lib_a-memcpy-stub.o)
 .comment       0x000000000000011e       0x58 /usr/lib/gcc/arm-none-eabi/7.3.1/thumb/v6-m/crtend.o

.debug_line     0x0000000000000000     0x3836
 .debug_line    0x0000000000000000       0x86 /usr/lib/gcc/arm-none-eabi/7.3.1/../../../arm-none-eabi/lib/thumb/v6-m/crt0.o
 .debug_line    0x0000000000000086      0x153 /usr/lib/gcc/arm-none-eabi/7.3.1/../../../arm-none-eabi/lib/thumb/v6-m/libc_nano.a(lib_a-atexit.o)
 .debug_line    0x00000000000001d9      0x156 /usr/lib/gcc/arm-none-eabi/7.3.1/../../../arm-none-eabi/lib/thumb/v6-m/libc_nano.a(lib_a-exit.o)
 .debug_line    0x000000000000032f       0x9f /usr/lib/gcc/arm-none-eabi/7.3.1/../../../arm-none-eabi/lib/thumb/v6-m/libc_nano.a(lib_a-fini.o)
 .debug_line    0x00000000000003ce       0xe9 /usr/lib/gcc/arm-none-eabi/7.3.1/../../../arm-none-eabi/lib/thumb/v6-m/libc_nano.a(lib_a-impure.o)
 .debug_line    0x00000000000004b7       0xbf /usr/lib/gcc/arm-none-eabi/7.3.1/../../../arm-none-eabi/lib/thumb/v6-m/libc_nano.a(lib_a-init.o)
 .debug_line    0x0000000000000576      0x1de /usr/lib/gcc/arm-none-eabi/7.3.1/../../../arm-none-eabi/lib/thumb/v6-m/libc_nano.a(lib_a-memset.o)
 .debug_line    0x0000000000000754      0x184 /usr/lib/gcc/arm-none-eabi/7.3.1/../../../arm-none-eabi/lib/thumb/v6-m/libc_nano.a(lib_a-__atexit.o)
 .debug_line    0x00000000000008d8      0x1a2 /usr/lib/gcc/arm-none-eabi/7.3.1/../../../arm-none-eabi/lib/thumb/v6-m/libc_nano.a(lib_a-__call_atexit.o)
 .debug_line    0x0000000000000a7a       0x5b /usr/lib/gcc/arm-none-eabi/7.3.1/../../../arm-none-eabi/lib/thumb/v6-m/libnosys.a(_exit.o)
 .debug_line    0x0000000000000ad5      0x2b0 _build/system_nrf51.o
 .debug_line    0x0000000000000d85      0x9db _build/main.o
 .debug_line    0x0000000000001760      0x8fa _build/nrf_drv_clock.o
 .debug_line    0x000000000000205a      0x510 _build/app_util_platform.o
 .debug_line    0x000000000000256a      0x5d9 _build/nrf_drv_common.o
 .debug_line    0x0000000000002b43      0x9d0 _build/nrf_drv_rtc.o
 .debug_line    0x0000000000003513       0x65 /usr/lib/gcc/arm-none-eabi/7.3.1/thumb/v6-m/libgcc.a(_thumb1_case_uqi.o)
 .debug_line    0x0000000000003578       0x69 /usr/lib/gcc/arm-none-eabi/7.3.1/thumb/v6-m/libgcc.a(_udivsi3.o)
 .debug_line    0x00000000000035e1       0x5d /usr/lib/gcc/arm-none-eabi/7.3.1/thumb/v6-m/libgcc.a(_dvmd_tls.o)
 .debug_line    0x000000000000363e      0x1f8 /usr/lib/gcc/arm-none-eabi/7.3.1/../../../arm-none-eabi/lib/thumb/v6-m/libc_nano.a(lib_a-memcpy-stub.o)

.debug_info     0x0000000000000000     0xbd45
 .debug_info    0x0000000000000000       0x26 /usr/lib/gcc/arm-none-eabi/7.3.1/../../../arm-none-eabi/lib/thumb/v6-m/crt0.o
 .debug_info    0x0000000000000026      0x907 /usr/lib/gcc/arm-none-eabi/7.3.1/../../../arm-none-eabi/lib/thumb/v6-m/libc_nano.a(lib_a-atexit.o)
 .debug_info    0x000000000000092d      0x952 /usr/lib/gcc/arm-none-eabi/7.3.1/../../../arm-none-eabi/lib/thumb/v6-m/libc_nano.a(lib_a-exit.o)
 .debug_info    0x000000000000127f       0xf3 /usr/lib/gcc/arm-none-eabi/7.3.1/../../../arm-none-eabi/lib/thumb/v6-m/libc_nano.a(lib_a-fini.o)
 .debug_info    0x0000000000001372      0x8a4 /usr/lib/gcc/arm-none-eabi/7.3.1/../../../arm-none-eabi/lib/thumb/v6-m/libc_nano.a(lib_a-impure.o)
 .debug_info    0x0000000000001c16      0x109 /usr/lib/gcc/arm-none-eabi/7.3.1/../../../arm-none-eabi/lib/thumb/v6-m/libc_nano.a(lib_a-init.o)
 .debug_info    0x0000000000001d1f      0xe1d /usr/lib/gcc/arm-none-eabi/7.3.1/../../../arm-none-eabi/lib/thumb/v6-m/libc_nano.a(lib_a-memset.o)
 .debug_info    0x0000000000002b3c      0x991 /usr/lib/gcc/arm-none-eabi/7.3.1/../../../arm-none-eabi/lib/thumb/v6-m/libc_nano.a(lib_a-__atexit.o)
 .debug_info    0x00000000000034cd      0x95e /usr/lib/gcc/arm-none-eabi/7.3.1/../../../arm-none-eabi/lib/thumb/v6-m/libc_nano.a(lib_a-__call_atexit.o)
 .debug_info    0x0000000000003e2b       0x9a /usr/lib/gcc/arm-none-eabi/7.3.1/../../../arm-none-eabi/lib/thumb/v6-m/libnosys.a(_exit.o)
 .debug_info    0x0000000000003ec5      0x1e2 _build/system_nrf51.o
 .debug_info    0x00000000000040a7     0x2215 _build/main.o
 .debug_info    0x00000000000062bc     0x17ec _build/nrf_drv_clock.o
 .debug_info    0x0000000000007aa8      0x9d1 _build/app_util_platform.o
 .debug_info    0x0000000000008479      0xc33 _build/nrf_drv_common.o
 .debug_info    0x00000000000090ac     0x1df1 _build/nrf_drv_rtc.o
 .debug_info    0x000000000000ae9d       0x26 /usr/lib/gcc/arm-none-eabi/7.3.1/thumb/v6-m/libgcc.a(_thumb1_case_uqi.o)
 .debug_info    0x000000000000aec3       0x26 /usr/lib/gcc/arm-none-eabi/7.3.1/thumb/v6-m/libgcc.a(_udivsi3.o)
 .debug_info    0x000000000000aee9       0x26 /usr/lib/gcc/arm-none-eabi/7.3.1/thumb/v6-m/libgcc.a(_dvmd_tls.o)
 .debug_info    0x000000000000af0f      0xe36 /usr/lib/gcc/arm-none-eabi/7.3.1/../../../arm-none-eabi/lib/thumb/v6-m/libc_nano.a(lib_a-memcpy-stub.o)

.debug_abbrev   0x0000000000000000     0x2162
 .debug_abbrev  0x0000000000000000       0x14 /usr/lib/gcc/arm-none-eabi/7.3.1/../../../arm-none-eabi/lib/thumb/v6-m/crt0.o
 .debug_abbrev  0x0000000000000014      0x1c8 /usr/lib/gcc/arm-none-eabi/7.3.1/../../../arm-none-eabi/lib/thumb/v6-m/libc_nano.a(lib_a-atexit.o)
 .debug_abbrev  0x00000000000001dc      0x1cd /usr/lib/gcc/arm-none-eabi/7.3.1/../../../arm-none-eabi/lib/thumb/v6-m/libc_nano.a(lib_a-exit.o)
 .debug_abbrev  0x00000000000003a9       0xba /usr/lib/gcc/arm-none-eabi/7.3.1/../../../arm-none-eabi/lib/thumb/v6-m/libc_nano.a(lib_a-fini.o)
 .debug_abbrev  0x0000000000000463      0x15c /usr/lib/gcc/arm-none-eabi/7.3.1/../../../arm-none-eabi/lib/thumb/v6-m/libc_nano.a(lib_a-impure.o)
 .debug_abbrev  0x00000000000005bf       0xba /usr/lib/gcc/arm-none-eabi/7.3.1/../../../arm-none-eabi/lib/thumb/v6-m/libc_nano.a(lib_a-init.o)
 .debug_abbrev  0x0000000000000679      0x1a8 /usr/lib/gcc/arm-none-eabi/7.3.1/../../../arm-none-eabi/lib/thumb/v6-m/libc_nano.a(lib_a-memset.o)
 .debug_abbrev  0x0000000000000821      0x225 /usr/lib/gcc/arm-none-eabi/7.3.1/../../../arm-none-eabi/lib/thumb/v6-m/libc_nano.a(lib_a-__atexit.o)
 .debug_abbrev  0x0000000000000a46      0x1fd /usr/lib/gcc/arm-none-eabi/7.3.1/../../../arm-none-eabi/lib/thumb/v6-m/libc_nano.a(lib_a-__call_atexit.o)
 .debug_abbrev  0x0000000000000c43       0x61 /usr/lib/gcc/arm-none-eabi/7.3.1/../../../arm-none-eabi/lib/thumb/v6-m/libnosys.a(_exit.o)
 .debug_abbrev  0x0000000000000ca4      0x10b _build/system_nrf51.o
 .debug_abbrev  0x0000000000000daf      0x474 _build/main.o
 .debug_abbrev  0x0000000000001223      0x46c _build/nrf_drv_clock.o
 .debug_abbrev  0x000000000000168f      0x239 _build/app_util_platform.o
 .debug_abbrev  0x00000000000018c8      0x27e _build/nrf_drv_common.o
 .debug_abbrev  0x0000000000001b46      0x42c _build/nrf_drv_rtc.o
 .debug_abbrev  0x0000000000001f72       0x14 /usr/lib/gcc/arm-none-eabi/7.3.1/thumb/v6-m/libgcc.a(_thumb1_case_uqi.o)
 .debug_abbrev  0x0000000000001f86       0x14 /usr/lib/gcc/arm-none-eabi/7.3.1/thumb/v6-m/libgcc.a(_udivsi3.o)
 .debug_abbrev  0x0000000000001f9a       0x14 /usr/lib/gcc/arm-none-eabi/7.3.1/thumb/v6-m/libgcc.a(_dvmd_tls.o)
 .debug_abbrev  0x0000000000001fae      0x1b4 /usr/lib/gcc/arm-none-eabi/7.3.1/../../../arm-none-eabi/lib/thumb/v6-m/libc_nano.a(lib_a-memcpy-stub.o)

.debug_aranges  0x0000000000000000      0x388
 .debug_aranges
                0x0000000000000000       0x20 /usr/lib/gcc/arm-none-eabi/7.3.1/../../../arm-none-eabi/lib/thumb/v6-m/crt0.o
 .debug_aranges
                0x0000000000000020       0x20 /usr/lib/gcc/arm-none-eabi/7.3.1/../../../arm-none-eabi/lib/thumb/v6-m/libc_nano.a(lib_a-atexit.o)
 .debug_aranges
                0x0000000000000040       0x20 /usr/lib/gcc/arm-none-eabi/7.3.1/../../../arm-none-eabi/lib/thumb/v6-m/libc_nano.a(lib_a-exit.o)
 .debug_aranges
                0x0000000000000060       0x20 /usr/lib/gcc/arm-none-eabi/7.3.1/../../../arm-none-eabi/lib/thumb/v6-m/libc_nano.a(lib_a-fini.o)
 .debug_aranges
                0x0000000000000080       0x18 /usr/lib/gcc/arm-none-eabi/7.3.1/../../../arm-none-eabi/lib/thumb/v6-m/libc_nano.a(lib_a-impure.o)
 .debug_aranges
                0x0000000000000098       0x20 /usr/lib/gcc/arm-none-eabi/7.3.1/../../../arm-none-eabi/lib/thumb/v6-m/libc_nano.a(lib_a-init.o)
 .debug_aranges
                0x00000000000000b8       0x20 /usr/lib/gcc/arm-none-eabi/7.3.1/../../../arm-none-eabi/lib/thumb/v6-m/libc_nano.a(lib_a-memset.o)
 .debug_aranges
                0x00000000000000d8       0x20 /usr/lib/gcc/arm-none-eabi/7.3.1/../../../arm-none-eabi/lib/thumb/v6-m/libc_nano.a(lib_a-__atexit.o)
 .debug_aranges
                0x00000000000000f8       0x20 /usr/lib/gcc/arm-none-eabi/7.3.1/../../../arm-none-eabi/lib/thumb/v6-m/libc_nano.a(lib_a-__call_atexit.o)
 .debug_aranges
                0x0000000000000118       0x20 /usr/lib/gcc/arm-none-eabi/7.3.1/../../../arm-none-eabi/lib/thumb/v6-m/libnosys.a(_exit.o)
 .debug_aranges
                0x0000000000000138       0x28 _build/system_nrf51.o
 .debug_aranges
                0x0000000000000160       0x58 _build/main.o
 .debug_aranges
                0x00000000000001b8       0x78 _build/nrf_drv_clock.o
 .debug_aranges
                0x0000000000000230       0x38 _build/app_util_platform.o
 .debug_aranges
                0x0000000000000268       0x20 _build/nrf_drv_common.o
 .debug_aranges
                0x0000000000000288       0x80 _build/nrf_drv_rtc.o
 .debug_aranges
                0x0000000000000308       0x20 /usr/lib/gcc/arm-none-eabi/7.3.1/thumb/v6-m/libgcc.a(_thumb1_case_uqi.o)
 .debug_aranges
                0x0000000000000328       0x20 /usr/lib/gcc/arm-none-eabi/7.3.1/thumb/v6-m/libgcc.a(_udivsi3.o)
 .debug_aranges
                0x0000000000000348       0x20 /usr/lib/gcc/arm-none-eabi/7.3.1/thumb/v6-m/libgcc.a(_dvmd_tls.o)
 .debug_aranges
                0x0000000000000368       0x20 /usr/lib/gcc/arm-none-eabi/7.3.1/../../../arm-none-eabi/lib/thumb/v6-m/libc_nano.a(lib_a-memcpy-stub.o)

.debug_str      0x0000000000000000    0x387f5
 .debug_str     0x0000000000000000       0x97 /usr/lib/gcc/arm-none-eabi/7.3.1/../../../arm-none-eabi/lib/thumb/v6-m/crt0.o
 .debug_str     0x0000000000000097      0x50f /usr/lib/gcc/arm-none-eabi/7.3.1/../../../arm-none-eabi/lib/thumb/v6-m/libc_nano.a(lib_a-atexit.o)
                                        0x626 (size before relaxing)
 .debug_str     0x00000000000005a6       0x6b /usr/lib/gcc/arm-none-eabi/7.3.1/../../../arm-none-eabi/lib/thumb/v6-m/libc_nano.a(lib_a-exit.o)
                                        0x627 (size before relaxing)
 .debug_str     0x0000000000000611       0xc9 /usr/lib/gcc/arm-none-eabi/7.3.1/../../../arm-none-eabi/lib/thumb/v6-m/libc_nano.a(lib_a-fini.o)
                                        0x1f8 (size before relaxing)
 .debug_str     0x00000000000006da       0x9d /usr/lib/gcc/arm-none-eabi/7.3.1/../../../arm-none-eabi/lib/thumb/v6-m/libc_nano.a(lib_a-impure.o)
                                        0x5db (size before relaxing)
 .debug_str     0x0000000000000777       0x8d /usr/lib/gcc/arm-none-eabi/7.3.1/../../../arm-none-eabi/lib/thumb/v6-m/libc_nano.a(lib_a-init.o)
                                        0x222 (size before relaxing)
 .debug_str     0x0000000000000804      0x30a /usr/lib/gcc/arm-none-eabi/7.3.1/../../../arm-none-eabi/lib/thumb/v6-m/libc_nano.a(lib_a-memset.o)
                                        0x908 (size before relaxing)
 .debug_str     0x0000000000000b0e       0x7a /usr/lib/gcc/arm-none-eabi/7.3.1/../../../arm-none-eabi/lib/thumb/v6-m/libc_nano.a(lib_a-__atexit.o)
                                        0x679 (size before relaxing)
 .debug_str     0x0000000000000b88       0x46 /usr/lib/gcc/arm-none-eabi/7.3.1/../../../arm-none-eabi/lib/thumb/v6-m/libc_nano.a(lib_a-__call_atexit.o)
                                        0x624 (size before relaxing)
 .debug_str     0x0000000000000bce       0xfb /usr/lib/gcc/arm-none-eabi/7.3.1/../../../arm-none-eabi/lib/thumb/v6-m/libnosys.a(_exit.o)
                                        0x191 (size before relaxing)
 .debug_str     0x0000000000000cc9    0x2fa06 _build/system_nrf51.o
                                      0x2fb7e (size before relaxing)
 .debug_str     0x00000000000306cf     0x6ebf _build/main.o
                                      0x36dd6 (size before relaxing)
 .debug_str     0x000000000003758e      0xb0a _build/nrf_drv_clock.o
                                      0x361e6 (size before relaxing)
 .debug_str     0x0000000000038098       0xad _build/app_util_platform.o
                                      0x35398 (size before relaxing)
 .debug_str     0x0000000000038145       0x92 _build/nrf_drv_common.o
                                      0x3580f (size before relaxing)
 .debug_str     0x00000000000381d7      0x4bc _build/nrf_drv_rtc.o
                                      0x3627b (size before relaxing)
 .debug_str     0x0000000000038693       0x8f /usr/lib/gcc/arm-none-eabi/7.3.1/thumb/v6-m/libgcc.a(_thumb1_case_uqi.o)
                                         0x9d (size before relaxing)
 .debug_str     0x0000000000038722       0x9d /usr/lib/gcc/arm-none-eabi/7.3.1/thumb/v6-m/libgcc.a(_udivsi3.o)
 .debug_str     0x0000000000038722       0x9d /usr/lib/gcc/arm-none-eabi/7.3.1/thumb/v6-m/libgcc.a(_dvmd_tls.o)
 .debug_str     0x0000000000038722       0xd3 /usr/lib/gcc/arm-none-eabi/7.3.1/../../../arm-none-eabi/lib/thumb/v6-m/libc_nano.a(lib_a-memcpy-stub.o)
                                        0x92d (size before relaxing)

.debug_loc      0x0000000000000000     0x2c53
 .debug_loc     0x0000000000000000       0x2c /usr/lib/gcc/arm-none-eabi/7.3.1/../../../arm-none-eabi/lib/thumb/v6-m/libc_nano.a(lib_a-atexit.o)
 .debug_loc     0x000000000000002c       0x1e /usr/lib/gcc/arm-none-eabi/7.3.1/../../../arm-none-eabi/lib/thumb/v6-m/libc_nano.a(lib_a-exit.o)
 .debug_loc     0x000000000000004a       0x3e /usr/lib/gcc/arm-none-eabi/7.3.1/../../../arm-none-eabi/lib/thumb/v6-m/libc_nano.a(lib_a-fini.o)
 .debug_loc     0x0000000000000088       0x84 /usr/lib/gcc/arm-none-eabi/7.3.1/../../../arm-none-eabi/lib/thumb/v6-m/libc_nano.a(lib_a-init.o)
 .debug_loc     0x000000000000010c      0x1a5 /usr/lib/gcc/arm-none-eabi/7.3.1/../../../arm-none-eabi/lib/thumb/v6-m/libc_nano.a(lib_a-memset.o)
 .debug_loc     0x00000000000002b1      0x192 /usr/lib/gcc/arm-none-eabi/7.3.1/../../../arm-none-eabi/lib/thumb/v6-m/libc_nano.a(lib_a-__atexit.o)
 .debug_loc     0x0000000000000443      0x1c3 /usr/lib/gcc/arm-none-eabi/7.3.1/../../../arm-none-eabi/lib/thumb/v6-m/libc_nano.a(lib_a-__call_atexit.o)
 .debug_loc     0x0000000000000606      0xf0e _build/main.o
 .debug_loc     0x0000000000001514      0x39c _build/nrf_drv_clock.o
 .debug_loc     0x00000000000018b0       0xb0 _build/nrf_drv_common.o
 .debug_loc     0x0000000000001960      0xfb8 _build/nrf_drv_rtc.o
 .debug_loc     0x0000000000002918      0x33b /usr/lib/gcc/arm-none-eabi/7.3.1/../../../arm-none-eabi/lib/thumb/v6-m/libc_nano.a(lib_a-memcpy-stub.o)

.debug_frame    0x0000000000000000      0x594
 .debug_frame   0x0000000000000000       0x28 /usr/lib/gcc/arm-none-eabi/7.3.1/../../../arm-none-eabi/lib/thumb/v6-m/libc_nano.a(lib_a-atexit.o)
 .debug_frame   0x0000000000000028       0x28 /usr/lib/gcc/arm-none-eabi/7.3.1/../../../arm-none-eabi/lib/thumb/v6-m/libc_nano.a(lib_a-exit.o)
 .debug_frame   0x0000000000000050       0x2c /usr/lib/gcc/arm-none-eabi/7.3.1/../../../arm-none-eabi/lib/thumb/v6-m/libc_nano.a(lib_a-fini.o)
 .debug_frame   0x000000000000007c       0x2c /usr/lib/gcc/arm-none-eabi/7.3.1/../../../arm-none-eabi/lib/thumb/v6-m/libc_nano.a(lib_a-init.o)
 .debug_frame   0x00000000000000a8       0x30 /usr/lib/gcc/arm-none-eabi/7.3.1/../../../arm-none-eabi/lib/thumb/v6-m/libc_nano.a(lib_a-memset.o)
 .debug_frame   0x00000000000000d8       0x3c /usr/lib/gcc/arm-none-eabi/7.3.1/../../../arm-none-eabi/lib/thumb/v6-m/libc_nano.a(lib_a-__atexit.o)
 .debug_frame   0x0000000000000114       0x3c /usr/lib/gcc/arm-none-eabi/7.3.1/../../../arm-none-eabi/lib/thumb/v6-m/libc_nano.a(lib_a-__call_atexit.o)
 .debug_frame   0x0000000000000150       0x20 /usr/lib/gcc/arm-none-eabi/7.3.1/../../../arm-none-eabi/lib/thumb/v6-m/libnosys.a(_exit.o)
 .debug_frame   0x0000000000000170       0x30 _build/system_nrf51.o
 .debug_frame   0x00000000000001a0       0xd8 _build/main.o
 .debug_frame   0x0000000000000278      0x10c _build/nrf_drv_clock.o
 .debug_frame   0x0000000000000384       0x50 _build/app_util_platform.o
 .debug_frame   0x00000000000003d4       0x2c _build/nrf_drv_common.o
 .debug_frame   0x0000000000000400      0x144 _build/nrf_drv_rtc.o
 .debug_frame   0x0000000000000544       0x20 /usr/lib/gcc/arm-none-eabi/7.3.1/thumb/v6-m/libgcc.a(_udivsi3.o)
 .debug_frame   0x0000000000000564       0x30 /usr/lib/gcc/arm-none-eabi/7.3.1/../../../arm-none-eabi/lib/thumb/v6-m/libc_nano.a(lib_a-memcpy-stub.o)

.debug_ranges   0x0000000000000000      0x840
 .debug_ranges  0x0000000000000000       0x20 /usr/lib/gcc/arm-none-eabi/7.3.1/../../../arm-none-eabi/lib/thumb/v6-m/libc_nano.a(lib_a-__call_atexit.o)
 .debug_ranges  0x0000000000000020       0x68 _build/system_nrf51.o
 .debug_ranges  0x0000000000000088      0x248 _build/main.o
 .debug_ranges  0x00000000000002d0      0x2d0 _build/nrf_drv_clock.o
 .debug_ranges  0x00000000000005a0       0x40 _build/app_util_platform.o
 .debug_ranges  0x00000000000005e0       0x28 _build/nrf_drv_common.o
 .debug_ranges  0x0000000000000608      0x238 _build/nrf_drv_rtc.o

.debug_macro    0x0000000000000000     0xb7cc
 .debug_macro   0x0000000000000000       0xdf _build/system_nrf51.o
 .debug_macro   0x00000000000000df      0xa4e _build/system_nrf51.o
 .debug_macro   0x0000000000000b2d       0x22 _build/system_nrf51.o
 .debug_macro   0x0000000000000b4f       0x8e _build/system_nrf51.o
 .debug_macro   0x0000000000000bdd       0x51 _build/system_nrf51.o
 .debug_macro   0x0000000000000c2e       0xef _build/system_nrf51.o
 .debug_macro   0x0000000000000d1d       0x6a _build/system_nrf51.o
 .debug_macro   0x0000000000000d87      0x1df _build/system_nrf51.o
 .debug_macro   0x0000000000000f66       0x22 _build/system_nrf51.o
 .debug_macro   0x0000000000000f88       0x1c _build/system_nrf51.o
 .debug_macro   0x0000000000000fa4       0x22 _build/system_nrf51.o
 .debug_macro   0x0000000000000fc6       0x3a _build/system_nrf51.o
 .debug_macro   0x0000000000001000       0x26 _build/system_nrf51.o
 .debug_macro   0x0000000000001026      0x30d _build/system_nrf51.o
 .debug_macro   0x0000000000001333      0x1d2 _build/system_nrf51.o
 .debug_macro   0x0000000000001505     0x745a _build/system_nrf51.o
 .debug_macro   0x000000000000895f      0x976 _build/system_nrf51.o
 .debug_macro   0x00000000000092d5       0x1c _build/system_nrf51.o
 .debug_macro   0x00000000000092f1      0x355 _build/main.o
 .debug_macro   0x0000000000009646      0x136 _build/main.o
 .debug_macro   0x000000000000977c       0x7c _build/main.o
 .debug_macro   0x00000000000097f8       0x34 _build/main.o
 .debug_macro   0x000000000000982c      0x150 _build/main.o
 .debug_macro   0x000000000000997c       0x10 _build/main.o
 .debug_macro   0x000000000000998c       0x8e _build/main.o
 .debug_macro   0x0000000000009a1a       0x70 _build/main.o
 .debug_macro   0x0000000000009a8a       0x52 _build/main.o
 .debug_macro   0x0000000000009adc       0x18 _build/main.o
 .debug_macro   0x0000000000009af4       0x35 _build/main.o
 .debug_macro   0x0000000000009b29       0x34 _build/main.o
 .debug_macro   0x0000000000009b5d       0x16 _build/main.o
 .debug_macro   0x0000000000009b73       0x97 _build/main.o
 .debug_macro   0x0000000000009c0a      0x35c _build/main.o
 .debug_macro   0x0000000000009f66       0xf6 _build/main.o
 .debug_macro   0x000000000000a05c       0x10 _build/main.o
 .debug_macro   0x000000000000a06c       0x52 _build/main.o
 .debug_macro   0x000000000000a0be       0x1f _build/main.o
 .debug_macro   0x000000000000a0dd       0x43 _build/main.o
 .debug_macro   0x000000000000a120       0x20 _build/main.o
 .debug_macro   0x000000000000a140      0x18e _build/main.o
 .debug_macro   0x000000000000a2ce       0x10 _build/main.o
 .debug_macro   0x000000000000a2de       0x1c _build/main.o
 .debug_macro   0x000000000000a2fa       0x52 _build/main.o
 .debug_macro   0x000000000000a34c       0x40 _build/main.o
 .debug_macro   0x000000000000a38c       0x10 _build/main.o
 .debug_macro   0x000000000000a39c       0x40 _build/main.o
 .debug_macro   0x000000000000a3dc       0xd7 _build/main.o
 .debug_macro   0x000000000000a4b3       0x1c _build/main.o
 .debug_macro   0x000000000000a4cf       0x3d _build/main.o
 .debug_macro   0x000000000000a50c       0x16 _build/main.o
 .debug_macro   0x000000000000a522      0x16f _build/main.o
 .debug_macro   0x000000000000a691      0x11e _build/main.o
 .debug_macro   0x000000000000a7af       0x4c _build/main.o
 .debug_macro   0x000000000000a7fb       0x67 _build/main.o
 .debug_macro   0x000000000000a862       0xbb _build/main.o
 .debug_macro   0x000000000000a91d       0x2b _build/main.o
 .debug_macro   0x000000000000a948       0x10 _build/main.o
 .debug_macro   0x000000000000a958       0x10 _build/main.o
 .debug_macro   0x000000000000a968       0x22 _build/main.o
 .debug_macro   0x000000000000a98a       0x16 _build/main.o
 .debug_macro   0x000000000000a9a0      0x32c _build/nrf_drv_clock.o
 .debug_macro   0x000000000000accc       0x5b _build/nrf_drv_clock.o
 .debug_macro   0x000000000000ad27      0x2ae _build/app_util_platform.o
 .debug_macro   0x000000000000afd5       0x6d _build/app_util_platform.o
 .debug_macro   0x000000000000b042      0x2e3 _build/nrf_drv_common.o
 .debug_macro   0x000000000000b325      0x16d _build/nrf_drv_common.o
 .debug_macro   0x000000000000b492       0x35 _build/nrf_drv_common.o
 .debug_macro   0x000000000000b4c7      0x305 _build/nrf_drv_rtc.o
